Dec  7 06:11:15 ip-172-31-77-107 systemd[1]: Started Create Static Device Nodes in /dev.
Dec  7 06:11:15 ip-172-31-77-107 systemd[1]: Started LVM2 metadata daemon.
Dec  7 06:11:15 ip-172-31-77-107 systemd-modules-load[394]: Inserted module 'iscsi_tcp'
Dec  7 06:11:15 ip-172-31-77-107 systemd[1]: Started Monitoring of LVM2 mirrors, snapshots etc. using dmeventd or progress polling.
Dec  7 06:11:15 ip-172-31-77-107 systemd[1]: Started Remount Root and Kernel File Systems.
Dec  7 06:11:15 ip-172-31-77-107 systemd[1]: Starting Load/Save Random Seed...
Dec  7 06:11:15 ip-172-31-77-107 systemd[1]: Starting udev Kernel Device Manager...
Dec  7 06:11:15 ip-172-31-77-107 systemd[1]: Starting Flush Journal to Persistent Storage...
Dec  7 06:11:15 ip-172-31-77-107 systemd[1]: Started Load/Save Random Seed.
Dec  7 06:11:15 ip-172-31-77-107 systemd[1]: Started udev Kernel Device Manager.
Dec  7 06:11:15 ip-172-31-77-107 systemd[1]: Started udev Coldplug all Devices.
Dec  7 06:11:15 ip-172-31-77-107 systemd-modules-load[394]: Inserted module 'ib_iser'
Dec  7 06:11:15 ip-172-31-77-107 systemd[1]: Started Load Kernel Modules.
Dec  7 06:11:15 ip-172-31-77-107 systemd[1]: Started Flush Journal to Persistent Storage.
Dec  7 06:11:15 ip-172-31-77-107 systemd[1]: Mounting FUSE Control File System...
Dec  7 06:11:15 ip-172-31-77-107 systemd[1]: Mounting Kernel Configuration File System...
Dec  7 06:11:15 ip-172-31-77-107 systemd[1]: Starting Apply Kernel Variables...
Dec  7 06:11:15 ip-172-31-77-107 systemd[1]: Mounted FUSE Control File System.
Dec  7 06:11:15 ip-172-31-77-107 systemd[1]: Mounted Kernel Configuration File System.
Dec  7 06:11:15 ip-172-31-77-107 systemd[1]: Started Apply Kernel Variables.
Dec  7 06:11:15 ip-172-31-77-107 systemd[1]: Started Set the console keyboard layout.
Dec  7 06:11:15 ip-172-31-77-107 systemd[1]: Reached target Local File Systems (Pre).
Dec  7 06:11:15 ip-172-31-77-107 systemd[1]: Reached target Local File Systems.
Dec  7 06:11:15 ip-172-31-77-107 systemd[1]: Starting Tell Plymouth To Write Out Runtime Data...
Dec  7 06:11:15 ip-172-31-77-107 systemd[1]: Starting AppArmor initialization...
Dec  7 06:11:15 ip-172-31-77-107 systemd[1]: Starting ebtables ruleset management...
Dec  7 06:11:15 ip-172-31-77-107 systemd[1]: Starting Set console font and keymap...
Dec  7 06:11:15 ip-172-31-77-107 kernel: [    0.000000] Linux version 5.4.0-1058-aws (buildd@lcy01-amd64-012) (gcc version 7.5.0 (Ubuntu 7.5.0-3ubuntu1~18.04)) #61~18.04.3-Ubuntu SMP Fri Oct 1 14:04:01 UTC 2021 (Ubuntu 5.4.0-1058.61~18.04.3-aws 5.4.143)
Dec  7 06:11:15 ip-172-31-77-107 kernel: [    0.000000] Command line: BOOT_IMAGE=/boot/vmlinuz-5.4.0-1058-aws root=LABEL=cloudimg-rootfs ro console=tty1 console=ttyS0 nvme_core.io_timeout=4294967295
Dec  7 06:11:15 ip-172-31-77-107 kernel: [    0.000000] KERNEL supported cpus:
Dec  7 06:11:15 ip-172-31-77-107 kernel: [    0.000000]   Intel GenuineIntel
Dec  7 06:11:15 ip-172-31-77-107 kernel: [    0.000000]   AMD AuthenticAMD
Dec  7 06:11:15 ip-172-31-77-107 kernel: [    0.000000]   Hygon HygonGenuine
Dec  7 06:11:15 ip-172-31-77-107 kernel: [    0.000000]   Centaur CentaurHauls
Dec  7 06:11:15 ip-172-31-77-107 kernel: [    0.000000]   zhaoxin   Shanghai  
Dec  7 06:11:15 ip-172-31-77-107 kernel: [    0.000000] x86/fpu: Supporting XSAVE feature 0x001: 'x87 floating point registers'
Dec  7 06:11:15 ip-172-31-77-107 kernel: [    0.000000] x86/fpu: Supporting XSAVE feature 0x002: 'SSE registers'
Dec  7 06:11:15 ip-172-31-77-107 kernel: [    0.000000] x86/fpu: Supporting XSAVE feature 0x004: 'AVX registers'
Dec  7 06:11:15 ip-172-31-77-107 kernel: [    0.000000] x86/fpu: xstate_offset[2]:  576, xstate_sizes[2]:  256
Dec  7 06:11:15 ip-172-31-77-107 kernel: [    0.000000] x86/fpu: Enabled xstate features 0x7, context size is 832 bytes, using 'standard' format.
Dec  7 06:11:15 ip-172-31-77-107 kernel: [    0.000000] BIOS-provided physical RAM map:
Dec  7 06:11:15 ip-172-31-77-107 kernel: [    0.000000] BIOS-e820: [mem 0x0000000000000000-0x000000000009fbff] usable
Dec  7 06:11:15 ip-172-31-77-107 kernel: [    0.000000] BIOS-e820: [mem 0x000000000009fc00-0x000000000009ffff] reserved
Dec  7 06:11:15 ip-172-31-77-107 kernel: [    0.000000] BIOS-e820: [mem 0x00000000000f0000-0x00000000000fffff] reserved
Dec  7 06:11:15 ip-172-31-77-107 kernel: [    0.000000] BIOS-e820: [mem 0x0000000000100000-0x00000000bffe9fff] usable
Dec  7 06:11:15 ip-172-31-77-107 kernel: [    0.000000] BIOS-e820: [mem 0x00000000bffea000-0x00000000bfffffff] reserved
Dec  7 06:11:15 ip-172-31-77-107 kernel: [    0.000000] BIOS-e820: [mem 0x00000000e0000000-0x00000000e03fffff] reserved
Dec  7 06:11:15 ip-172-31-77-107 kernel: [    0.000000] BIOS-e820: [mem 0x00000000fffc0000-0x00000000ffffffff] reserved
Dec  7 06:11:15 ip-172-31-77-107 kernel: [    0.000000] BIOS-e820: [mem 0x0000000100000000-0x000000013cffffff] usable
Dec  7 06:11:15 ip-172-31-77-107 kernel: [    0.000000] BIOS-e820: [mem 0x000000013d000000-0x000000013fffffff] reserved
Dec  7 06:11:15 ip-172-31-77-107 kernel: [    0.000000] NX (Execute Disable) protection: active
Dec  7 06:11:15 ip-172-31-77-107 kernel: [    0.000000] SMBIOS 2.7 present.
Dec  7 06:11:15 ip-172-31-77-107 kernel: [    0.000000] DMI: Amazon EC2 t3a.medium/, BIOS 1.0 10/16/2017
Dec  7 06:11:15 ip-172-31-77-107 kernel: [    0.000000] Hypervisor detected: KVM
Dec  7 06:11:15 ip-172-31-77-107 kernel: [    0.000000] kvm-clock: Using msrs 4b564d01 and 4b564d00
Dec  7 06:11:15 ip-172-31-77-107 kernel: [    0.000000] kvm-clock: cpu 0, msr 53c01001, primary cpu clock
Dec  7 06:11:15 ip-172-31-77-107 kernel: [    0.000000] kvm-clock: using sched offset of 2876902402 cycles
Dec  7 06:11:15 ip-172-31-77-107 kernel: [    0.000003] clocksource: kvm-clock: mask: 0xffffffffffffffff max_cycles: 0x1cd42e4dffb, max_idle_ns: 881590591483 ns
Dec  7 06:11:15 ip-172-31-77-107 kernel: [    0.000005] tsc: Detected 2199.960 MHz processor
Dec  7 06:11:15 ip-172-31-77-107 kernel: [    0.001096] e820: update [mem 0x00000000-0x00000fff] usable ==> reserved
Dec  7 06:11:15 ip-172-31-77-107 kernel: [    0.001097] e820: remove [mem 0x000a0000-0x000fffff] usable
Dec  7 06:11:15 ip-172-31-77-107 kernel: [    0.001102] last_pfn = 0x13d000 max_arch_pfn = 0x400000000
Dec  7 06:11:15 ip-172-31-77-107 kernel: [    0.001152] MTRR default type: write-back
Dec  7 06:11:15 ip-172-31-77-107 kernel: [    0.001153] MTRR fixed ranges enabled:
Dec  7 06:11:15 ip-172-31-77-107 kernel: [    0.001154]   00000-9FFFF write-back
Dec  7 06:11:15 ip-172-31-77-107 kernel: [    0.001155]   A0000-BFFFF uncachable
Dec  7 06:11:15 ip-172-31-77-107 kernel: [    0.001156]   C0000-FFFFF write-protect
Dec  7 06:11:15 ip-172-31-77-107 kernel: [    0.001157] MTRR variable ranges enabled:
Dec  7 06:11:15 ip-172-31-77-107 kernel: [    0.001159]   0 base 0000C0000000 mask FFFFC0000000 uncachable
Dec  7 06:11:15 ip-172-31-77-107 kernel: [    0.001159]   1 disabled
Dec  7 06:11:15 ip-172-31-77-107 kernel: [    0.001160]   2 disabled
Dec  7 06:11:15 ip-172-31-77-107 kernel: [    0.001160]   3 disabled
Dec  7 06:11:15 ip-172-31-77-107 kernel: [    0.001161]   4 disabled
Dec  7 06:11:15 ip-172-31-77-107 kernel: [    0.001161]   5 disabled
Dec  7 06:11:15 ip-172-31-77-107 kernel: [    0.001162]   6 disabled
Dec  7 06:11:15 ip-172-31-77-107 kernel: [    0.001162]   7 disabled
Dec  7 06:11:15 ip-172-31-77-107 kernel: [    0.001277] x86/PAT: Configuration [0-7]: WB  WC  UC- UC  WB  WP  UC- WT  
Dec  7 06:11:15 ip-172-31-77-107 kernel: [    0.001329] last_pfn = 0xbffea max_arch_pfn = 0x400000000
Dec  7 06:11:15 ip-172-31-77-107 kernel: [    0.007080] check: Scanning 1 areas for low memory corruption
Dec  7 06:11:15 ip-172-31-77-107 kernel: [    0.007168] Using GB pages for direct mapping
Dec  7 06:11:15 ip-172-31-77-107 kernel: [    0.007433] RAMDISK: [mem 0x356c7000-0x36b5afff]
Dec  7 06:11:15 ip-172-31-77-107 kernel: [    0.007446] ACPI: Early table checksum verification disabled
Dec  7 06:11:15 ip-172-31-77-107 kernel: [    0.007457] ACPI: RSDP 0x00000000000F8F40 000014 (v00 AMAZON)
Dec  7 06:11:15 ip-172-31-77-107 kernel: [    0.007465] ACPI: RSDT 0x00000000BFFEE350 000044 (v01 AMAZON AMZNRSDT 00000001 AMZN 00000001)
Dec  7 06:11:15 ip-172-31-77-107 kernel: [    0.007471] ACPI: FACP 0x00000000BFFEFF80 000074 (v01 AMAZON AMZNFACP 00000001 AMZN 00000001)
Dec  7 06:11:15 ip-172-31-77-107 kernel: [    0.007476] ACPI: DSDT 0x00000000BFFEE3A0 0010E9 (v01 AMAZON AMZNDSDT 00000001 AMZN 00000001)
Dec  7 06:11:15 ip-172-31-77-107 kernel: [    0.007479] ACPI: FACS 0x00000000BFFEFF40 000040
Dec  7 06:11:15 ip-172-31-77-107 kernel: [    0.007482] ACPI: SSDT 0x00000000BFFEF6C0 00087A (v01 AMAZON AMZNSSDT 00000001 AMZN 00000001)
Dec  7 06:11:15 ip-172-31-77-107 kernel: [    0.007485] ACPI: APIC 0x00000000BFFEF5D0 000076 (v01 AMAZON AMZNAPIC 00000001 AMZN 00000001)
Dec  7 06:11:15 ip-172-31-77-107 kernel: [    0.007489] ACPI: SRAT 0x00000000BFFEF530 0000A0 (v01 AMAZON AMZNSRAT 00000001 AMZN 00000001)
Dec  7 06:11:15 ip-172-31-77-107 kernel: [    0.007492] ACPI: SLIT 0x00000000BFFEF4C0 00006C (v01 AMAZON AMZNSLIT 00000001 AMZN 00000001)
Dec  7 06:11:15 ip-172-31-77-107 kernel: [    0.007494] ACPI: WAET 0x00000000BFFEF490 000028 (v01 AMAZON AMZNWAET 00000001 AMZN 00000001)
Dec  7 06:11:15 ip-172-31-77-107 kernel: [    0.007500] ACPI: HPET 0x00000000000C9000 000038 (v01 AMAZON AMZNHPET 00000001 AMZN 00000001)
Dec  7 06:11:15 ip-172-31-77-107 kernel: [    0.007503] ACPI: SSDT 0x00000000000C9040 00007B (v01 AMAZON AMZNSSDT 00000001 AMZN 00000001)
Dec  7 06:11:15 ip-172-31-77-107 kernel: [    0.007506] ACPI: Reserving FACP table memory at [mem 0xbffeff80-0xbffefff3]
Dec  7 06:11:15 ip-172-31-77-107 kernel: [    0.007508] ACPI: Reserving DSDT table memory at [mem 0xbffee3a0-0xbffef488]
Dec  7 06:11:15 ip-172-31-77-107 kernel: [    0.007509] ACPI: Reserving FACS table memory at [mem 0xbffeff40-0xbffeff7f]
Dec  7 06:11:15 ip-172-31-77-107 kernel: [    0.007510] ACPI: Reserving SSDT table memory at [mem 0xbffef6c0-0xbffeff39]
Dec  7 06:11:15 ip-172-31-77-107 kernel: [    0.007512] ACPI: Reserving APIC table memory at [mem 0xbffef5d0-0xbffef645]
Dec  7 06:11:15 ip-172-31-77-107 kernel: [    0.007513] ACPI: Reserving SRAT table memory at [mem 0xbffef530-0xbffef5cf]
Dec  7 06:11:15 ip-172-31-77-107 kernel: [    0.007514] ACPI: Reserving SLIT table memory at [mem 0xbffef4c0-0xbffef52b]
Dec  7 06:11:15 ip-172-31-77-107 kernel: [    0.007515] ACPI: Reserving WAET table memory at [mem 0xbffef490-0xbffef4b7]
Dec  7 06:11:15 ip-172-31-77-107 kernel: [    0.007516] ACPI: Reserving HPET table memory at [mem 0xc9000-0xc9037]
Dec  7 06:11:15 ip-172-31-77-107 kernel: [    0.007517] ACPI: Reserving SSDT table memory at [mem 0xc9040-0xc90ba]
Dec  7 06:11:15 ip-172-31-77-107 kernel: [    0.007537] ACPI: Local APIC address 0xfee00000
Dec  7 06:11:15 ip-172-31-77-107 kernel: [    0.007582] SRAT: PXM 0 -> APIC 0x00 -> Node 0
Dec  7 06:11:15 ip-172-31-77-107 kernel: [    0.007583] SRAT: PXM 0 -> APIC 0x01 -> Node 0
Dec  7 06:11:15 ip-172-31-77-107 kernel: [    0.007586] ACPI: SRAT: Node 0 PXM 0 [mem 0x00000000-0xbfffffff]
Dec  7 06:11:15 ip-172-31-77-107 kernel: [    0.007588] ACPI: SRAT: Node 0 PXM 0 [mem 0x100000000-0x13fffffff]
Dec  7 06:11:15 ip-172-31-77-107 kernel: [    0.007597] NUMA: Initialized distance table, cnt=1
Dec  7 06:11:15 ip-172-31-77-107 kernel: [    0.007599] NUMA: Node 0 [mem 0x00000000-0xbfffffff] + [mem 0x100000000-0x13cffffff] -> [mem 0x00000000-0x13cffffff]
Dec  7 06:11:15 ip-172-31-77-107 kernel: [    0.007608] NODE_DATA(0) allocated [mem 0x13cfd2000-0x13cffcfff]
Dec  7 06:11:15 ip-172-31-77-107 kernel: [    0.007939] Zone ranges:
Dec  7 06:11:15 ip-172-31-77-107 kernel: [    0.007940]   DMA      [mem 0x0000000000001000-0x0000000000ffffff]
Dec  7 06:11:15 ip-172-31-77-107 kernel: [    0.007942]   DMA32    [mem 0x0000000001000000-0x00000000ffffffff]
Dec  7 06:11:15 ip-172-31-77-107 kernel: [    0.007943]   Normal   [mem 0x0000000100000000-0x000000013cffffff]
Dec  7 06:11:15 ip-172-31-77-107 kernel: [    0.007944]   Device   empty
Dec  7 06:11:15 ip-172-31-77-107 kernel: [    0.007945] Movable zone start for each node
Dec  7 06:11:15 ip-172-31-77-107 kernel: [    0.007950] Early memory node ranges
Dec  7 06:11:15 ip-172-31-77-107 kernel: [    0.007951]   node   0: [mem 0x0000000000001000-0x000000000009efff]
Dec  7 06:11:15 ip-172-31-77-107 kernel: [    0.007952]   node   0: [mem 0x0000000000100000-0x00000000bffe9fff]
Dec  7 06:11:15 ip-172-31-77-107 kernel: [    0.007953]   node   0: [mem 0x0000000100000000-0x000000013cffffff]
Dec  7 06:11:15 ip-172-31-77-107 kernel: [    0.008057] Zeroed struct page in unavailable ranges: 12408 pages
Dec  7 06:11:15 ip-172-31-77-107 kernel: [    0.008058] Initmem setup node 0 [mem 0x0000000000001000-0x000000013cffffff]
Dec  7 06:11:15 ip-172-31-77-107 kernel: [    0.008060] On node 0 totalpages: 1036168
Dec  7 06:11:15 ip-172-31-77-107 kernel: [    0.008061]   DMA zone: 64 pages used for memmap
Dec  7 06:11:15 ip-172-31-77-107 kernel: [    0.008062]   DMA zone: 21 pages reserved
Dec  7 06:11:15 ip-172-31-77-107 kernel: [    0.008062]   DMA zone: 3998 pages, LIFO batch:0
Dec  7 06:11:15 ip-172-31-77-107 kernel: [    0.008176]   DMA32 zone: 12224 pages used for memmap
Dec  7 06:11:15 ip-172-31-77-107 kernel: [    0.008177]   DMA32 zone: 782314 pages, LIFO batch:63
Dec  7 06:11:15 ip-172-31-77-107 kernel: [    0.031113]   Normal zone: 3904 pages used for memmap
Dec  7 06:11:15 ip-172-31-77-107 kernel: [    0.031115]   Normal zone: 249856 pages, LIFO batch:63
Dec  7 06:11:15 ip-172-31-77-107 kernel: [    0.038759] ACPI: PM-Timer IO Port: 0xb008
Dec  7 06:11:15 ip-172-31-77-107 kernel: [    0.038763] ACPI: Local APIC address 0xfee00000
Dec  7 06:11:15 ip-172-31-77-107 kernel: [    0.038770] ACPI: LAPIC_NMI (acpi_id[0xff] dfl dfl lint[0x1])
Dec  7 06:11:15 ip-172-31-77-107 kernel: [    0.038806] IOAPIC[0]: apic_id 0, version 17, address 0xfec00000, GSI 0-23
Dec  7 06:11:15 ip-172-31-77-107 kernel: [    0.038809] ACPI: INT_SRC_OVR (bus 0 bus_irq 5 global_irq 5 high level)
Dec  7 06:11:15 ip-172-31-77-107 kernel: [    0.038811] ACPI: INT_SRC_OVR (bus 0 bus_irq 9 global_irq 9 high level)
Dec  7 06:11:15 ip-172-31-77-107 kernel: [    0.038812] ACPI: INT_SRC_OVR (bus 0 bus_irq 10 global_irq 10 high level)
Dec  7 06:11:15 ip-172-31-77-107 kernel: [    0.038813] ACPI: INT_SRC_OVR (bus 0 bus_irq 11 global_irq 11 high level)
Dec  7 06:11:15 ip-172-31-77-107 kernel: [    0.038815] ACPI: IRQ5 used by override.
Dec  7 06:11:15 ip-172-31-77-107 kernel: [    0.038816] ACPI: IRQ9 used by override.
Dec  7 06:11:15 ip-172-31-77-107 kernel: [    0.038816] ACPI: IRQ10 used by override.
Dec  7 06:11:15 ip-172-31-77-107 kernel: [    0.038817] ACPI: IRQ11 used by override.
Dec  7 06:11:15 ip-172-31-77-107 kernel: [    0.038818] Using ACPI (MADT) for SMP configuration information
Dec  7 06:11:15 ip-172-31-77-107 kernel: [    0.038821] ACPI: HPET id: 0x8086a201 base: 0xfed00000
Dec  7 06:11:15 ip-172-31-77-107 kernel: [    0.038828] smpboot: Allowing 2 CPUs, 0 hotplug CPUs
Dec  7 06:11:15 ip-172-31-77-107 kernel: [    0.038853] PM: Registered nosave memory: [mem 0x00000000-0x00000fff]
Dec  7 06:11:15 ip-172-31-77-107 kernel: [    0.038855] PM: Registered nosave memory: [mem 0x0009f000-0x0009ffff]
Dec  7 06:11:15 ip-172-31-77-107 kernel: [    0.038856] PM: Registered nosave memory: [mem 0x000a0000-0x000effff]
Dec  7 06:11:15 ip-172-31-77-107 kernel: [    0.038857] PM: Registered nosave memory: [mem 0x000f0000-0x000fffff]
Dec  7 06:11:15 ip-172-31-77-107 kernel: [    0.038859] PM: Registered nosave memory: [mem 0xbffea000-0xbfffffff]
Dec  7 06:11:15 ip-172-31-77-107 kernel: [    0.038860] PM: Registered nosave memory: [mem 0xc0000000-0xdfffffff]
Dec  7 06:11:15 ip-172-31-77-107 kernel: [    0.038860] PM: Registered nosave memory: [mem 0xe0000000-0xe03fffff]
Dec  7 06:11:15 ip-172-31-77-107 kernel: [    0.038861] PM: Registered nosave memory: [mem 0xe0400000-0xfffbffff]
Dec  7 06:11:15 ip-172-31-77-107 kernel: [    0.038862] PM: Registered nosave memory: [mem 0xfffc0000-0xffffffff]
Dec  7 06:11:15 ip-172-31-77-107 kernel: [    0.038864] [mem 0xc0000000-0xdfffffff] available for PCI devices
Dec  7 06:11:15 ip-172-31-77-107 kernel: [    0.038865] Booting paravirtualized kernel on KVM
Dec  7 06:11:15 ip-172-31-77-107 kernel: [    0.038869] clocksource: refined-jiffies: mask: 0xffffffff max_cycles: 0xffffffff, max_idle_ns: 7645519600211568 ns
Dec  7 06:11:15 ip-172-31-77-107 kernel: [    0.038874] setup_percpu: NR_CPUS:8192 nr_cpumask_bits:2 nr_cpu_ids:2 nr_node_ids:1
Dec  7 06:11:15 ip-172-31-77-107 kernel: [    0.039123] percpu: Embedded 54 pages/cpu s184320 r8192 d28672 u1048576
Dec  7 06:11:15 ip-172-31-77-107 kernel: [    0.039129] pcpu-alloc: s184320 r8192 d28672 u1048576 alloc=1*2097152
Dec  7 06:11:15 ip-172-31-77-107 kernel: [    0.039130] pcpu-alloc: [0] 0 1 
Dec  7 06:11:15 ip-172-31-77-107 kernel: [    0.039159] setup async PF for cpu 0
Dec  7 06:11:15 ip-172-31-77-107 kernel: [    0.039165] kvm-stealtime: cpu 0, msr 138a2c040
Dec  7 06:11:15 ip-172-31-77-107 kernel: [    0.039172] PV qspinlock hash table entries: 256 (order: 0, 4096 bytes, linear)
Dec  7 06:11:15 ip-172-31-77-107 kernel: [    0.039179] Built 1 zonelists, mobility grouping on.  Total pages: 1019955
Dec  7 06:11:15 ip-172-31-77-107 kernel: [    0.039180] Policy zone: Normal
Dec  7 06:11:15 ip-172-31-77-107 kernel: [    0.039181] Kernel command line: BOOT_IMAGE=/boot/vmlinuz-5.4.0-1058-aws root=LABEL=cloudimg-rootfs ro console=tty1 console=ttyS0 nvme_core.io_timeout=4294967295
Dec  7 06:11:15 ip-172-31-77-107 kernel: [    0.039644] Dentry cache hash table entries: 524288 (order: 10, 4194304 bytes, linear)
Dec  7 06:11:15 ip-172-31-77-107 kernel: [    0.039837] Inode-cache hash table entries: 262144 (order: 9, 2097152 bytes, linear)
Dec  7 06:11:15 ip-172-31-77-107 kernel: [    0.039869] mem auto-init: stack:off, heap alloc:on, heap free:off
Dec  7 06:11:15 ip-172-31-77-107 kernel: [    0.047126] Calgary: detecting Calgary via BIOS EBDA area
Dec  7 06:11:15 ip-172-31-77-107 kernel: [    0.047138] Calgary: Unable to locate Rio Grande table in EBDA - bailing!
Dec  7 06:11:15 ip-172-31-77-107 kernel: [    0.056182] Memory: 3952432K/4144672K available (14339K kernel code, 2313K rwdata, 4660K rodata, 2656K init, 5136K bss, 192240K reserved, 0K cma-reserved)
Dec  7 06:11:15 ip-172-31-77-107 kernel: [    0.056191] random: get_random_u64 called from __kmem_cache_create+0x41/0x550 with crng_init=0
Dec  7 06:11:15 ip-172-31-77-107 kernel: [    0.056353] SLUB: HWalign=64, Order=0-3, MinObjects=0, CPUs=2, Nodes=1
Dec  7 06:11:15 ip-172-31-77-107 kernel: [    0.056368] ftrace: allocating 42839 entries in 168 pages
Dec  7 06:11:15 ip-172-31-77-107 kernel: [    0.073979] rcu: Hierarchical RCU implementation.
Dec  7 06:11:15 ip-172-31-77-107 kernel: [    0.073982] rcu: 	RCU restricting CPUs from NR_CPUS=8192 to nr_cpu_ids=2.
Dec  7 06:11:15 ip-172-31-77-107 kernel: [    0.073983] 	Tasks RCU enabled.
Dec  7 06:11:15 ip-172-31-77-107 kernel: [    0.073984] rcu: RCU calculated value of scheduler-enlistment delay is 25 jiffies.
Dec  7 06:11:15 ip-172-31-77-107 kernel: [    0.073986] rcu: Adjusting geometry for rcu_fanout_leaf=16, nr_cpu_ids=2
Dec  7 06:11:15 ip-172-31-77-107 kernel: [    0.076830] NR_IRQS: 524544, nr_irqs: 440, preallocated irqs: 16
Dec  7 06:11:15 ip-172-31-77-107 kernel: [    0.077095] random: crng done (trusting CPU's manufacturer)
Dec  7 06:11:15 ip-172-31-77-107 kernel: [    0.210570] Console: colour VGA+ 80x25
Dec  7 06:11:15 ip-172-31-77-107 kernel: [    0.662132] printk: console [tty1] enabled
Dec  7 06:11:15 ip-172-31-77-107 kernel: [    0.873027] printk: console [ttyS0] enabled
Dec  7 06:11:15 ip-172-31-77-107 kernel: [    0.877117] ACPI: Core revision 20190816
Dec  7 06:11:15 ip-172-31-77-107 kernel: [    0.881416] clocksource: hpet: mask: 0xffffffff max_cycles: 0xffffffff, max_idle_ns: 30580167144 ns
Dec  7 06:11:15 ip-172-31-77-107 kernel: [    0.889735] APIC: Switch to symmetric I/O mode setup
Dec  7 06:11:15 ip-172-31-77-107 kernel: [    0.895616] ..TIMER: vector=0x30 apic1=0 pin1=0 apic2=-1 pin2=-1
Dec  7 06:11:15 ip-172-31-77-107 kernel: [    0.900615] clocksource: tsc-early: mask: 0xffffffffffffffff max_cycles: 0x1fb60cf2a65, max_idle_ns: 440795209147 ns
Dec  7 06:11:15 ip-172-31-77-107 kernel: [    0.909654] Calibrating delay loop (skipped) preset value.. 4399.92 BogoMIPS (lpj=8799840)
Dec  7 06:11:15 ip-172-31-77-107 kernel: [    0.913654] pid_max: default: 32768 minimum: 301
Dec  7 06:11:15 ip-172-31-77-107 kernel: [    0.917695] LSM: Security Framework initializing
Dec  7 06:11:15 ip-172-31-77-107 kernel: [    0.921665] Yama: becoming mindful.
Dec  7 06:11:15 ip-172-31-77-107 kernel: [    0.925678] AppArmor: AppArmor initialized
Dec  7 06:11:15 ip-172-31-77-107 kernel: [    0.929700] Mount-cache hash table entries: 8192 (order: 4, 65536 bytes, linear)
Dec  7 06:11:15 ip-172-31-77-107 kernel: [    0.937656] Mountpoint-cache hash table entries: 8192 (order: 4, 65536 bytes, linear)
Dec  7 06:11:15 ip-172-31-77-107 kernel: [    0.941677] *** VALIDATE tmpfs ***
Dec  7 06:11:15 ip-172-31-77-107 kernel: [    0.945813] *** VALIDATE proc ***
Dec  7 06:11:15 ip-172-31-77-107 kernel: [    0.949708] *** VALIDATE cgroup1 ***
Dec  7 06:11:15 ip-172-31-77-107 kernel: [    0.953655] *** VALIDATE cgroup2 ***
Dec  7 06:11:15 ip-172-31-77-107 kernel: [    0.958172] Last level iTLB entries: 4KB 1024, 2MB 1024, 4MB 512
Dec  7 06:11:15 ip-172-31-77-107 kernel: [    0.961654] Last level dTLB entries: 4KB 1536, 2MB 1536, 4MB 768, 1GB 0
Dec  7 06:11:15 ip-172-31-77-107 kernel: [    0.965657] Spectre V1 : Mitigation: usercopy/swapgs barriers and __user pointer sanitization
Dec  7 06:11:15 ip-172-31-77-107 kernel: [    0.969654] Spectre V2 : Mitigation: Full AMD retpoline
Dec  7 06:11:15 ip-172-31-77-107 kernel: [    0.973653] Spectre V2 : Spectre v2 / SpectreRSB mitigation: Filling RSB on context switch
Dec  7 06:11:15 ip-172-31-77-107 kernel: [    0.977654] Speculative Store Bypass: Vulnerable
Dec  7 06:11:15 ip-172-31-77-107 kernel: [    0.982067] Freeing SMP alternatives memory: 40K
Dec  7 06:11:15 ip-172-31-77-107 kernel: [    1.098753] smpboot: CPU0: AMD EPYC 7571 (family: 0x17, model: 0x1, stepping: 0x2)
Dec  7 06:11:15 ip-172-31-77-107 kernel: [    1.101822] Performance Events: PMU not available due to virtualization, using software events only.
Dec  7 06:11:15 ip-172-31-77-107 kernel: [    1.105757] rcu: Hierarchical SRCU implementation.
Dec  7 06:11:15 ip-172-31-77-107 kernel: [    1.110303] NMI watchdog: Perf NMI watchdog permanently disabled
Dec  7 06:11:15 ip-172-31-77-107 kernel: [    1.113754] smp: Bringing up secondary CPUs ...
Dec  7 06:11:15 ip-172-31-77-107 kernel: [    1.117796] x86: Booting SMP configuration:
Dec  7 06:11:15 ip-172-31-77-107 kernel: [    1.121657] .... node  #0, CPUs:      #1
Dec  7 06:11:15 ip-172-31-77-107 kernel: [    0.824660] kvm-clock: cpu 1, msr 53c01041, secondary cpu clock
Dec  7 06:11:15 ip-172-31-77-107 kernel: [    1.126618] setup async PF for cpu 1
Dec  7 06:11:15 ip-172-31-77-107 kernel: [    1.129651] kvm-stealtime: cpu 1, msr 138b2c040
Dec  7 06:11:15 ip-172-31-77-107 kernel: [    1.137760] smp: Brought up 1 node, 2 CPUs
Dec  7 06:11:15 ip-172-31-77-107 kernel: [    1.141657] smpboot: Max logical packages: 1
Dec  7 06:11:15 ip-172-31-77-107 kernel: [    1.145660] smpboot: Total of 2 processors activated (8799.84 BogoMIPS)
Dec  7 06:11:15 ip-172-31-77-107 kernel: [    1.154080] devtmpfs: initialized
Dec  7 06:11:15 ip-172-31-77-107 kernel: [    1.157713] x86/mm: Memory block size: 128MB
Dec  7 06:11:15 ip-172-31-77-107 kernel: [    1.162116] clocksource: jiffies: mask: 0xffffffff max_cycles: 0xffffffff, max_idle_ns: 7645041785100000 ns
Dec  7 06:11:15 ip-172-31-77-107 kernel: [    1.165668] futex hash table entries: 512 (order: 3, 32768 bytes, linear)
Dec  7 06:11:15 ip-172-31-77-107 kernel: [    1.169750] pinctrl core: initialized pinctrl subsystem
Dec  7 06:11:15 ip-172-31-77-107 kernel: [    1.173937] PM: RTC time: 06:10:59, date: 2021-12-07
Dec  7 06:11:15 ip-172-31-77-107 kernel: [    1.177891] NET: Registered protocol family 16
Dec  7 06:11:15 ip-172-31-77-107 kernel: [    1.181770] audit: initializing netlink subsys (disabled)
Dec  7 06:11:15 ip-172-31-77-107 kernel: [    1.185721] audit: type=2000 audit(1638857459.036:1): state=initialized audit_enabled=0 res=1
Dec  7 06:11:15 ip-172-31-77-107 kernel: [    1.185851] EISA bus registered
Dec  7 06:11:15 ip-172-31-77-107 kernel: [    1.193666] cpuidle: using governor ladder
Dec  7 06:11:15 ip-172-31-77-107 kernel: [    1.197659] cpuidle: using governor menu
Dec  7 06:11:15 ip-172-31-77-107 kernel: [    1.202522] ACPI: bus type PCI registered
Dec  7 06:11:15 ip-172-31-77-107 kernel: [    1.205656] acpiphp: ACPI Hot Plug PCI Controller Driver version: 0.5
Dec  7 06:11:15 ip-172-31-77-107 kernel: [    1.209822] PCI: Using configuration type 1 for base access
Dec  7 06:11:15 ip-172-31-77-107 kernel: [    1.213654] PCI: Using configuration type 1 for extended access
Dec  7 06:11:15 ip-172-31-77-107 kernel: [    1.222104] HugeTLB registered 1.00 GiB page size, pre-allocated 0 pages
Dec  7 06:11:15 ip-172-31-77-107 kernel: [    1.225658] HugeTLB registered 2.00 MiB page size, pre-allocated 0 pages
Dec  7 06:11:15 ip-172-31-77-107 kernel: [    1.233789] ACPI: Added _OSI(Module Device)
Dec  7 06:11:15 ip-172-31-77-107 kernel: [    1.237668] ACPI: Added _OSI(Processor Device)
Dec  7 06:11:15 ip-172-31-77-107 kernel: [    1.241654] ACPI: Added _OSI(3.0 _SCP Extensions)
Dec  7 06:11:15 ip-172-31-77-107 kernel: [    1.245654] ACPI: Added _OSI(Processor Aggregator Device)
Dec  7 06:11:15 ip-172-31-77-107 kernel: [    1.249655] ACPI: Added _OSI(Linux-Dell-Video)
Dec  7 06:11:15 ip-172-31-77-107 kernel: [    1.253654] ACPI: Added _OSI(Linux-Lenovo-NV-HDMI-Audio)
Dec  7 06:11:15 ip-172-31-77-107 kernel: [    1.257654] ACPI: Added _OSI(Linux-HPI-Hybrid-Graphics)
Dec  7 06:11:15 ip-172-31-77-107 kernel: [    1.265780] ACPI: 3 ACPI AML tables successfully acquired and loaded
Dec  7 06:11:15 ip-172-31-77-107 kernel: [    1.270795] ACPI: Interpreter enabled
Dec  7 06:11:15 ip-172-31-77-107 kernel: [    1.273666] ACPI: (supports S0 S4 S5)
Dec  7 06:11:15 ip-172-31-77-107 kernel: [    1.277654] ACPI: Using IOAPIC for interrupt routing
Dec  7 06:11:15 ip-172-31-77-107 kernel: [    1.281681] PCI: Using host bridge windows from ACPI; if necessary, use "pci=nocrs" and report a bug
Dec  7 06:11:15 ip-172-31-77-107 kernel: [    1.286089] ACPI: Enabled 16 GPEs in block 00 to 0F
Dec  7 06:11:15 ip-172-31-77-107 kernel: [    1.292505] ACPI: PCI Root Bridge [PCI0] (domain 0000 [bus 00-ff])
Dec  7 06:11:15 ip-172-31-77-107 kernel: [    1.293664] acpi PNP0A03:00: _OSC: OS supports [ExtendedConfig ASPM ClockPM Segments MSI HPX-Type3]
Dec  7 06:11:15 ip-172-31-77-107 kernel: [    1.298096] acpiphp: Slot [3] registered
Dec  7 06:11:15 ip-172-31-77-107 kernel: [    1.301695] acpiphp: Slot [4] registered
Dec  7 06:11:15 ip-172-31-77-107 kernel: [    1.305680] acpiphp: Slot [5] registered
Dec  7 06:11:15 ip-172-31-77-107 kernel: [    1.309684] acpiphp: Slot [6] registered
Dec  7 06:11:15 ip-172-31-77-107 kernel: [    1.313680] acpiphp: Slot [7] registered
Dec  7 06:11:15 ip-172-31-77-107 kernel: [    1.317685] acpiphp: Slot [8] registered
Dec  7 06:11:15 ip-172-31-77-107 kernel: [    1.321692] acpiphp: Slot [9] registered
Dec  7 06:11:15 ip-172-31-77-107 kernel: [    1.325683] acpiphp: Slot [10] registered
Dec  7 06:11:15 ip-172-31-77-107 kernel: [    1.329677] acpiphp: Slot [11] registered
Dec  7 06:11:15 ip-172-31-77-107 kernel: [    1.333680] acpiphp: Slot [12] registered
Dec  7 06:11:15 ip-172-31-77-107 kernel: [    1.337677] acpiphp: Slot [13] registered
Dec  7 06:11:15 ip-172-31-77-107 kernel: [    1.341680] acpiphp: Slot [14] registered
Dec  7 06:11:15 ip-172-31-77-107 kernel: [    1.345705] acpiphp: Slot [15] registered
Dec  7 06:11:15 ip-172-31-77-107 kernel: [    1.349682] acpiphp: Slot [16] registered
Dec  7 06:11:15 ip-172-31-77-107 kernel: [    1.353678] acpiphp: Slot [17] registered
Dec  7 06:11:15 ip-172-31-77-107 kernel: [    1.357681] acpiphp: Slot [18] registered
Dec  7 06:11:15 ip-172-31-77-107 kernel: [    1.361679] acpiphp: Slot [19] registered
Dec  7 06:11:15 ip-172-31-77-107 kernel: [    1.365679] acpiphp: Slot [20] registered
Dec  7 06:11:15 ip-172-31-77-107 kernel: [    1.369682] acpiphp: Slot [21] registered
Dec  7 06:11:15 ip-172-31-77-107 kernel: [    1.373680] acpiphp: Slot [22] registered
Dec  7 06:11:15 ip-172-31-77-107 kernel: [    1.377681] acpiphp: Slot [23] registered
Dec  7 06:11:15 ip-172-31-77-107 kernel: [    1.381687] acpiphp: Slot [24] registered
Dec  7 06:11:15 ip-172-31-77-107 kernel: [    1.385680] acpiphp: Slot [25] registered
Dec  7 06:11:15 ip-172-31-77-107 kernel: [    1.389681] acpiphp: Slot [26] registered
Dec  7 06:11:15 ip-172-31-77-107 kernel: [    1.393690] acpiphp: Slot [27] registered
Dec  7 06:11:15 ip-172-31-77-107 kernel: [    1.397682] acpiphp: Slot [28] registered
Dec  7 06:11:15 ip-172-31-77-107 kernel: [    1.401678] acpiphp: Slot [29] registered
Dec  7 06:11:15 ip-172-31-77-107 kernel: [    1.405681] acpiphp: Slot [30] registered
Dec  7 06:11:15 ip-172-31-77-107 kernel: [    1.409679] acpiphp: Slot [31] registered
Dec  7 06:11:15 ip-172-31-77-107 kernel: [    1.413676] PCI host bridge to bus 0000:00
Dec  7 06:11:15 ip-172-31-77-107 kernel: [    1.417657] pci_bus 0000:00: root bus resource [io  0x0000-0x0cf7 window]
Dec  7 06:11:15 ip-172-31-77-107 kernel: [    1.421662] pci_bus 0000:00: root bus resource [io  0x0d00-0xffff window]
Dec  7 06:11:15 ip-172-31-77-107 kernel: [    1.425655] pci_bus 0000:00: root bus resource [mem 0x000a0000-0x000bffff window]
Dec  7 06:11:15 ip-172-31-77-107 kernel: [    1.429656] pci_bus 0000:00: root bus resource [mem 0xc0000000-0xfebfffff window]
Dec  7 06:11:15 ip-172-31-77-107 kernel: [    1.433655] pci_bus 0000:00: root bus resource [bus 00-ff]
Dec  7 06:11:15 ip-172-31-77-107 kernel: [    1.437725] pci 0000:00:00.0: [8086:1237] type 00 class 0x060000
Dec  7 06:11:15 ip-172-31-77-107 kernel: [    1.445934] pci 0000:00:01.0: [8086:7000] type 00 class 0x060100
Dec  7 06:11:15 ip-172-31-77-107 kernel: [    1.451250] pci 0000:00:01.3: [8086:7113] type 00 class 0x000000
Dec  7 06:11:15 ip-172-31-77-107 kernel: [    1.458745] pci 0000:00:01.3: quirk: [io  0xb000-0xb03f] claimed by PIIX4 ACPI
Dec  7 06:11:15 ip-172-31-77-107 kernel: [    1.461701] pci 0000:00:01.3: quirk: [io  0xb100-0xb10f] claimed by PIIX4 SMB
Dec  7 06:11:15 ip-172-31-77-107 kernel: [    1.465794] pci 0000:00:01.3: PIIX4 devres E PIO at fff0-ffff
Dec  7 06:11:15 ip-172-31-77-107 kernel: [    1.469681] pci 0000:00:01.3: PIIX4 devres F MMIO at ffc00000-ffffffff
Dec  7 06:11:15 ip-172-31-77-107 kernel: [    1.473677] pci 0000:00:01.3: PIIX4 devres G PIO at fff0-ffff
Dec  7 06:11:15 ip-172-31-77-107 kernel: [    1.477675] pci 0000:00:01.3: PIIX4 devres H MMIO at ffc00000-ffffffff
Dec  7 06:11:15 ip-172-31-77-107 kernel: [    1.481678] pci 0000:00:01.3: PIIX4 devres I PIO at fff0-ffff
Dec  7 06:11:15 ip-172-31-77-107 kernel: [    1.485677] pci 0000:00:01.3: PIIX4 devres J PIO at fff0-ffff
Dec  7 06:11:15 ip-172-31-77-107 kernel: [    1.489660] pci 0000:00:01.3: quirk_piix4_acpi+0x0/0x160 took 31250 usecs
Dec  7 06:11:15 ip-172-31-77-107 kernel: [    1.494604] pci 0000:00:03.0: [1d0f:1111] type 00 class 0x030000
Dec  7 06:11:15 ip-172-31-77-107 kernel: [    1.501894] pci 0000:00:03.0: reg 0x10: [mem 0xfe400000-0xfe7fffff pref]
Dec  7 06:11:15 ip-172-31-77-107 kernel: [    1.510584] pci 0000:00:03.0: reg 0x30: [mem 0xfebe0000-0xfebeffff pref]
Dec  7 06:11:15 ip-172-31-77-107 kernel: [    1.514470] pci 0000:00:04.0: [1d0f:8061] type 00 class 0x010802
Dec  7 06:11:15 ip-172-31-77-107 kernel: [    1.525670] pci 0000:00:04.0: reg 0x10: [mem 0xfebf0000-0xfebf3fff]
Dec  7 06:11:15 ip-172-31-77-107 kernel: [    1.562874] pci 0000:00:05.0: [1d0f:ec20] type 00 class 0x020000
Dec  7 06:11:15 ip-172-31-77-107 kernel: [    1.571048] pci 0000:00:05.0: reg 0x10: [mem 0xfebf4000-0xfebf7fff]
Dec  7 06:11:15 ip-172-31-77-107 kernel: [    1.591603] ACPI: PCI Interrupt Link [LNKA] (IRQs 5 *10 11)
Dec  7 06:11:15 ip-172-31-77-107 kernel: [    1.593807] ACPI: PCI Interrupt Link [LNKB] (IRQs 5 *10 11)
Dec  7 06:11:15 ip-172-31-77-107 kernel: [    1.601705] ACPI: PCI Interrupt Link [LNKC] (IRQs 5 10 *11)
Dec  7 06:11:15 ip-172-31-77-107 kernel: [    1.605808] ACPI: PCI Interrupt Link [LNKD] (IRQs 5 10 *11)
Dec  7 06:11:15 ip-172-31-77-107 kernel: [    1.609734] ACPI: PCI Interrupt Link [LNKS] (IRQs *9)
Dec  7 06:11:15 ip-172-31-77-107 kernel: [    1.614034] iommu: Default domain type: Translated 
Dec  7 06:11:15 ip-172-31-77-107 kernel: [    1.621817] SCSI subsystem initialized
Dec  7 06:11:15 ip-172-31-77-107 kernel: [    1.625707] libata version 3.00 loaded.
Dec  7 06:11:15 ip-172-31-77-107 kernel: [    1.625772] pci 0000:00:03.0: vgaarb: setting as boot VGA device
Dec  7 06:11:15 ip-172-31-77-107 kernel: [    1.629651] pci 0000:00:03.0: vgaarb: VGA device added: decodes=io+mem,owns=io+mem,locks=none
Dec  7 06:11:15 ip-172-31-77-107 kernel: [    1.637657] pci 0000:00:03.0: vgaarb: bridge control possible
Dec  7 06:11:15 ip-172-31-77-107 kernel: [    1.641654] vgaarb: loaded
Dec  7 06:11:15 ip-172-31-77-107 kernel: [    1.645697] ACPI: bus type USB registered
Dec  7 06:11:15 ip-172-31-77-107 kernel: [    1.649675] usbcore: registered new interface driver usbfs
Dec  7 06:11:15 ip-172-31-77-107 kernel: [    1.653662] usbcore: registered new interface driver hub
Dec  7 06:11:15 ip-172-31-77-107 kernel: [    1.657663] usbcore: registered new device driver usb
Dec  7 06:11:15 ip-172-31-77-107 kernel: [    1.665685] pps_core: LinuxPPS API ver. 1 registered
Dec  7 06:11:15 ip-172-31-77-107 kernel: [    1.669653] pps_core: Software ver. 5.3.6 - Copyright 2005-2007 Rodolfo Giometti <giometti@linux.it>
Dec  7 06:11:15 ip-172-31-77-107 kernel: [    1.677661] PTP clock support registered
Dec  7 06:11:15 ip-172-31-77-107 kernel: [    1.681765] EDAC MC: Ver: 3.0.0
Dec  7 06:11:15 ip-172-31-77-107 kernel: [    1.685961] PCI: Using ACPI for IRQ routing
Dec  7 06:11:15 ip-172-31-77-107 kernel: [    1.689655] PCI: pci_cache_line_size set to 64 bytes
Dec  7 06:11:15 ip-172-31-77-107 kernel: [    1.689857] e820: reserve RAM buffer [mem 0x0009fc00-0x0009ffff]
Dec  7 06:11:15 ip-172-31-77-107 kernel: [    1.689859] e820: reserve RAM buffer [mem 0xbffea000-0xbfffffff]
Dec  7 06:11:15 ip-172-31-77-107 kernel: [    1.689859] e820: reserve RAM buffer [mem 0x13d000000-0x13fffffff]
Dec  7 06:11:15 ip-172-31-77-107 kernel: [    1.689962] NetLabel: Initializing
Dec  7 06:11:15 ip-172-31-77-107 kernel: [    1.693653] NetLabel:  domain hash size = 128
Dec  7 06:11:15 ip-172-31-77-107 kernel: [    1.697653] NetLabel:  protocols = UNLABELED CIPSOv4 CALIPSO
Dec  7 06:11:15 ip-172-31-77-107 kernel: [    1.701677] NetLabel:  unlabeled traffic allowed by default
Dec  7 06:11:15 ip-172-31-77-107 kernel: [    1.709775] hpet0: at MMIO 0xfed00000, IRQs 2, 8, 0, 0, 0, 0, 0, 0
Dec  7 06:11:15 ip-172-31-77-107 kernel: [    1.713654] hpet0: 8 comparators, 32-bit 62.500000 MHz counter
Dec  7 06:11:15 ip-172-31-77-107 kernel: [    1.722736] clocksource: Switched to clocksource kvm-clock
Dec  7 06:11:15 ip-172-31-77-107 kernel: [    1.739650] *** VALIDATE bpf ***
Dec  7 06:11:15 ip-172-31-77-107 kernel: [    1.743382] VFS: Disk quotas dquot_6.6.0
Dec  7 06:11:15 ip-172-31-77-107 kernel: [    1.747478] VFS: Dquot-cache hash table entries: 512 (order 0, 4096 bytes)
Dec  7 06:11:15 ip-172-31-77-107 kernel: [    1.752869] *** VALIDATE ramfs ***
Dec  7 06:11:15 ip-172-31-77-107 kernel: [    1.756554] *** VALIDATE hugetlbfs ***
Dec  7 06:11:15 ip-172-31-77-107 kernel: [    1.760576] AppArmor: AppArmor Filesystem Enabled
Dec  7 06:11:15 ip-172-31-77-107 kernel: [    1.764942] pnp: PnP ACPI init
Dec  7 06:11:15 ip-172-31-77-107 kernel: [    1.768626] pnp 00:00: Plug and Play ACPI device, IDs PNP0b00 (active)
Dec  7 06:11:15 ip-172-31-77-107 kernel: [    1.768656] pnp 00:01: Plug and Play ACPI device, IDs PNP0303 (active)
Dec  7 06:11:15 ip-172-31-77-107 kernel: [    1.768679] pnp 00:02: Plug and Play ACPI device, IDs PNP0f13 (active)
Dec  7 06:11:15 ip-172-31-77-107 kernel: [    1.768749] pnp 00:03: Plug and Play ACPI device, IDs PNP0400 (active)
Dec  7 06:11:15 ip-172-31-77-107 kernel: [    1.768807] pnp 00:04: Plug and Play ACPI device, IDs PNP0501 (active)
Dec  7 06:11:15 ip-172-31-77-107 kernel: [    1.769067] pnp: PnP ACPI: found 5 devices
Dec  7 06:11:15 ip-172-31-77-107 kernel: [    1.779806] thermal_sys: Registered thermal governor 'fair_share'
Dec  7 06:11:15 ip-172-31-77-107 kernel: [    1.779807] thermal_sys: Registered thermal governor 'bang_bang'
Dec  7 06:11:15 ip-172-31-77-107 kernel: [    1.784922] thermal_sys: Registered thermal governor 'step_wise'
Dec  7 06:11:15 ip-172-31-77-107 kernel: [    1.789877] thermal_sys: Registered thermal governor 'user_space'
Dec  7 06:11:15 ip-172-31-77-107 kernel: [    1.794926] thermal_sys: Registered thermal governor 'power_allocator'
Dec  7 06:11:15 ip-172-31-77-107 kernel: [    1.804850] clocksource: acpi_pm: mask: 0xffffff max_cycles: 0xffffff, max_idle_ns: 2085701024 ns
Dec  7 06:11:15 ip-172-31-77-107 kernel: [    1.818528] pci_bus 0000:00: resource 4 [io  0x0000-0x0cf7 window]
Dec  7 06:11:15 ip-172-31-77-107 kernel: [    1.823569] pci_bus 0000:00: resource 5 [io  0x0d00-0xffff window]
Dec  7 06:11:15 ip-172-31-77-107 kernel: [    1.828597] pci_bus 0000:00: resource 6 [mem 0x000a0000-0x000bffff window]
Dec  7 06:11:15 ip-172-31-77-107 kernel: [    1.834007] pci_bus 0000:00: resource 7 [mem 0xc0000000-0xfebfffff window]
Dec  7 06:11:15 ip-172-31-77-107 kernel: [    1.839467] NET: Registered protocol family 2
Dec  7 06:11:15 ip-172-31-77-107 kernel: [    1.843718] IP idents hash table entries: 65536 (order: 7, 524288 bytes, linear)
Dec  7 06:11:15 ip-172-31-77-107 kernel: [    1.851767] tcp_listen_portaddr_hash hash table entries: 2048 (order: 3, 32768 bytes, linear)
Dec  7 06:11:15 ip-172-31-77-107 kernel: [    1.860056] TCP established hash table entries: 32768 (order: 6, 262144 bytes, linear)
Dec  7 06:11:15 ip-172-31-77-107 kernel: [    1.867914] TCP bind hash table entries: 32768 (order: 7, 524288 bytes, linear)
Dec  7 06:11:15 ip-172-31-77-107 kernel: [    1.875579] TCP: Hash tables configured (established 32768 bind 32768)
Dec  7 06:11:15 ip-172-31-77-107 kernel: [    1.880920] UDP hash table entries: 2048 (order: 4, 65536 bytes, linear)
Dec  7 06:11:15 ip-172-31-77-107 kernel: [    1.886477] UDP-Lite hash table entries: 2048 (order: 4, 65536 bytes, linear)
Dec  7 06:11:15 ip-172-31-77-107 kernel: [    1.892206] NET: Registered protocol family 1
Dec  7 06:11:15 ip-172-31-77-107 kernel: [    1.896492] NET: Registered protocol family 44
Dec  7 06:11:15 ip-172-31-77-107 kernel: [    1.900759] pci 0000:00:00.0: Limiting direct PCI/PCI transfers
Dec  7 06:11:15 ip-172-31-77-107 kernel: [    1.905749] pci 0000:00:01.0: Activating ISA DMA hang workarounds
Dec  7 06:11:15 ip-172-31-77-107 kernel: [    1.910953] pci 0000:00:03.0: Video device with shadowed ROM at [mem 0x000c0000-0x000dffff]
Dec  7 06:11:15 ip-172-31-77-107 kernel: [    1.919025] PCI: CLS 0 bytes, default 64
Dec  7 06:11:15 ip-172-31-77-107 kernel: [    1.923009] Trying to unpack rootfs image as initramfs...
Dec  7 06:11:15 ip-172-31-77-107 kernel: [    2.280473] Freeing initrd memory: 21072K
Dec  7 06:11:15 ip-172-31-77-107 kernel: [    2.284622] PCI-DMA: Using software bounce buffering for IO (SWIOTLB)
Dec  7 06:11:15 ip-172-31-77-107 kernel: [    2.290027] software IO TLB: mapped [mem 0xbbfea000-0xbffea000] (64MB)
Dec  7 06:11:15 ip-172-31-77-107 kernel: [    2.295519] clocksource: tsc: mask: 0xffffffffffffffff max_cycles: 0x1fb60cf2a65, max_idle_ns: 440795209147 ns
Dec  7 06:11:15 ip-172-31-77-107 kernel: [    2.304470] clocksource: Switched to clocksource tsc
Dec  7 06:11:15 ip-172-31-77-107 kernel: [    2.309097] check: Scanning for low memory corruption every 60 seconds
Dec  7 06:11:15 ip-172-31-77-107 kernel: [    2.314914] Initialise system trusted keyrings
Dec  7 06:11:15 ip-172-31-77-107 kernel: [    2.319212] Key type blacklist registered
Dec  7 06:11:15 ip-172-31-77-107 systemd[1]: Starting Create Volatile Files and Directories...
Dec  7 06:11:15 ip-172-31-77-107 kernel: [    2.323399] workingset: timestamp_bits=36 max_order=20 bucket_order=0
Dec  7 06:11:15 ip-172-31-77-107 kernel: [    2.330014] zbud: loaded
Dec  7 06:11:15 ip-172-31-77-107 kernel: [    2.333730] squashfs: version 4.0 (2009/01/31) Phillip Lougher
Dec  7 06:11:15 ip-172-31-77-107 systemd[1]: Starting Commit a transient machine-id on disk...
Dec  7 06:11:15 ip-172-31-77-107 systemd[1]: Started Dispatch Password Requests to Console Directory Watch.
Dec  7 06:11:15 ip-172-31-77-107 systemd[1]: Reached target Local Encrypted Volumes.
Dec  7 06:11:15 ip-172-31-77-107 systemd[1]: Started Tell Plymouth To Write Out Runtime Data.
Dec  7 06:11:15 ip-172-31-77-107 systemd[1]: Started Commit a transient machine-id on disk.
Dec  7 06:11:15 ip-172-31-77-107 apparmor[443]:  * Starting AppArmor profiles
Dec  7 06:11:15 ip-172-31-77-107 systemd[1]: Started Set console font and keymap.
Dec  7 06:11:15 ip-172-31-77-107 systemd[1]: Started ebtables ruleset management.
Dec  7 06:11:15 ip-172-31-77-107 systemd[1]: Started Create Volatile Files and Directories.
Dec  7 06:11:15 ip-172-31-77-107 systemd[1]: Starting Update UTMP about System Boot/Shutdown...
Dec  7 06:11:15 ip-172-31-77-107 systemd[1]: Starting Network Time Synchronization...
Dec  7 06:11:15 ip-172-31-77-107 systemd[1]: Started Update UTMP about System Boot/Shutdown.
Dec  7 06:11:15 ip-172-31-77-107 systemd[1]: Started Network Time Synchronization.
Dec  7 06:11:15 ip-172-31-77-107 systemd[1]: Reached target System Time Synchronized.
Dec  7 06:11:15 ip-172-31-77-107 systemd-udevd[427]: link_config: autonegotiation is unset or enabled, the speed and duplex are not writable.
Dec  7 06:11:15 ip-172-31-77-107 systemd[1]: Found device /dev/ttyS0.
Dec  7 06:11:15 ip-172-31-77-107 systemd[1]: Listening on Load/Save RF Kill Switch Status /dev/rfkill Watch.
Dec  7 06:11:15 ip-172-31-77-107 systemd-udevd[422]: link_config: autonegotiation is unset or enabled, the speed and duplex are not writable.
Dec  7 06:11:15 ip-172-31-77-107 apparmor[443]: Skipping profile in /etc/apparmor.d/disable: usr.sbin.rsyslogd
Dec  7 06:11:15 ip-172-31-77-107 apparmor[443]:    ...done.
Dec  7 06:11:15 ip-172-31-77-107 systemd[1]: Started AppArmor initialization.
Dec  7 06:11:15 ip-172-31-77-107 systemd[1]: Starting Load AppArmor profiles managed internally by snapd...
Dec  7 06:11:15 ip-172-31-77-107 systemd[1]: Starting Initial cloud-init job (pre-networking)...
Dec  7 06:11:15 ip-172-31-77-107 snapd-apparmor[541]: find: ‘/var/lib/snapd/apparmor/profiles/’: No such file or directory
Dec  7 06:11:15 ip-172-31-77-107 systemd[1]: Started Load AppArmor profiles managed internally by snapd.
Dec  7 06:11:15 ip-172-31-77-107 dhclient[590]: Internet Systems Consortium DHCP Client 4.3.5
Dec  7 06:11:15 ip-172-31-77-107 dhclient[590]: Copyright 2004-2016 Internet Systems Consortium.
Dec  7 06:11:15 ip-172-31-77-107 dhclient[590]: All rights reserved.
Dec  7 06:11:15 ip-172-31-77-107 dhclient[590]: For info, please visit https://www.isc.org/software/dhcp/
Dec  7 06:11:15 ip-172-31-77-107 dhclient[590]: 
Dec  7 06:11:15 ip-172-31-77-107 dhclient[590]: Listening on LPF/ens5/16:23:15:0c:b4:95
Dec  7 06:11:15 ip-172-31-77-107 dhclient[590]: Sending on   LPF/ens5/16:23:15:0c:b4:95
Dec  7 06:11:15 ip-172-31-77-107 dhclient[590]: Sending on   Socket/fallback
Dec  7 06:11:15 ip-172-31-77-107 dhclient[590]: DHCPDISCOVER on ens5 to 255.255.255.255 port 67 interval 3 (xid=0x437d1b7d)
Dec  7 06:11:15 ip-172-31-77-107 dhclient[590]: DHCPREQUEST of 172.31.77.107 on ens5 to 255.255.255.255 port 67 (xid=0x7d1b7d43)
Dec  7 06:11:15 ip-172-31-77-107 dhclient[590]: DHCPOFFER of 172.31.77.107 from 172.31.64.1
Dec  7 06:11:15 ip-172-31-77-107 dhclient[590]: DHCPACK of 172.31.77.107 from 172.31.64.1
Dec  7 06:11:15 ip-172-31-77-107 kernel: [    2.339003] fuse: init (API version 7.31)
Dec  7 06:11:15 ip-172-31-77-107 kernel: [    2.343084] *** VALIDATE fuse ***
Dec  7 06:11:15 ip-172-31-77-107 kernel: [    2.346829] *** VALIDATE fuse ***
Dec  7 06:11:15 ip-172-31-77-107 kernel: [    2.350690] Platform Keyring initialized
Dec  7 06:11:15 ip-172-31-77-107 kernel: [    2.359268] Key type asymmetric registered
Dec  7 06:11:15 ip-172-31-77-107 kernel: [    2.363423] Asymmetric key parser 'x509' registered
Dec  7 06:11:15 ip-172-31-77-107 kernel: [    2.367912] Block layer SCSI generic (bsg) driver version 0.4 loaded (major 244)
Dec  7 06:11:15 ip-172-31-77-107 kernel: [    2.375620] io scheduler mq-deadline registered
Dec  7 06:11:15 ip-172-31-77-107 kernel: [    2.436118] shpchp: Standard Hot Plug PCI Controller Driver version: 0.4
Dec  7 06:11:15 ip-172-31-77-107 kernel: [    2.441845] input: Power Button as /devices/LNXSYSTM:00/LNXPWRBN:00/input/input0
Dec  7 06:11:15 ip-172-31-77-107 kernel: [    2.449390] ACPI: Power Button [PWRF]
Dec  7 06:11:15 ip-172-31-77-107 kernel: [    2.453382] input: Sleep Button as /devices/LNXSYSTM:00/LNXSLPBN:00/input/input1
Dec  7 06:11:15 ip-172-31-77-107 kernel: [    2.460883] ACPI: Sleep Button [SLPF]
Dec  7 06:11:15 ip-172-31-77-107 kernel: [    2.465058] Serial: 8250/16550 driver, 4 ports, IRQ sharing enabled
Dec  7 06:11:15 ip-172-31-77-107 kernel: [    2.499661] 00:04: ttyS0 at I/O 0x3f8 (irq = 4, base_baud = 115200) is a 16550A
Dec  7 06:11:15 ip-172-31-77-107 kernel: [    2.507795] Linux agpgart interface v0.103
Dec  7 06:11:15 ip-172-31-77-107 kernel: [    2.637952] loop: module loaded
Dec  7 06:11:15 ip-172-31-77-107 kernel: [    2.642470] nvme nvme0: pci function 0000:00:04.0
Dec  7 06:11:15 ip-172-31-77-107 kernel: [    2.646955] libphy: Fixed MDIO Bus: probed
Dec  7 06:11:15 ip-172-31-77-107 kernel: [    2.647382] PCI Interrupt Link [LNKD] enabled at IRQ 11
Dec  7 06:11:15 ip-172-31-77-107 kernel: [    2.651293] tun: Universal TUN/TAP device driver, 1.6
Dec  7 06:11:15 ip-172-31-77-107 kernel: [    2.651394] PPP generic driver version 2.4.2
Dec  7 06:11:15 ip-172-31-77-107 kernel: [    2.665860] ehci_hcd: USB 2.0 'Enhanced' Host Controller (EHCI) Driver
Dec  7 06:11:15 ip-172-31-77-107 kernel: [    2.671197] ehci-pci: EHCI PCI platform driver
Dec  7 06:11:15 ip-172-31-77-107 kernel: [    2.675513] ehci-platform: EHCI generic platform driver
Dec  7 06:11:15 ip-172-31-77-107 kernel: [    2.680116] ohci_hcd: USB 1.1 'Open' Host Controller (OHCI) Driver
Dec  7 06:11:15 ip-172-31-77-107 kernel: [    2.685313] ohci-pci: OHCI PCI platform driver
Dec  7 06:11:15 ip-172-31-77-107 kernel: [    2.689611] ohci-platform: OHCI generic platform driver
Dec  7 06:11:15 ip-172-31-77-107 kernel: [    2.694326] uhci_hcd: USB Universal Host Controller Interface driver
Dec  7 06:11:15 ip-172-31-77-107 kernel: [    2.699693] i8042: PNP: PS/2 Controller [PNP0303:KBD,PNP0f13:MOU] at 0x60,0x64 irq 1,12
Dec  7 06:11:15 ip-172-31-77-107 kernel: [    2.707874] i8042: Warning: Keylock active
Dec  7 06:11:15 ip-172-31-77-107 kernel: [    2.713042] serio: i8042 KBD port at 0x60,0x64 irq 1
Dec  7 06:11:15 ip-172-31-77-107 kernel: [    2.717842] serio: i8042 AUX port at 0x60,0x64 irq 12
Dec  7 06:11:15 ip-172-31-77-107 kernel: [    2.722505] mousedev: PS/2 mouse device common for all mice
Dec  7 06:11:15 ip-172-31-77-107 kernel: [    2.727849] rtc_cmos 00:00: RTC can wake from S4
Dec  7 06:11:15 ip-172-31-77-107 kernel: [    2.733105] rtc_cmos 00:00: registered as rtc0
Dec  7 06:11:15 ip-172-31-77-107 kernel: [    2.737423] rtc_cmos 00:00: alarms up to one day, 114 bytes nvram
Dec  7 06:11:15 ip-172-31-77-107 kernel: [    2.742678] device-mapper: uevent: version 1.0.3
Dec  7 06:11:15 ip-172-31-77-107 kernel: [    2.747210] device-mapper: ioctl: 4.41.0-ioctl (2019-09-16) initialised: dm-devel@redhat.com
Dec  7 06:11:15 ip-172-31-77-107 kernel: [    2.755359] platform eisa.0: Probing EISA bus 0
Dec  7 06:11:15 ip-172-31-77-107 kernel: [    2.759696] platform eisa.0: EISA: Cannot allocate resource for mainboard
Dec  7 06:11:15 ip-172-31-77-107 kernel: [    2.765155] platform eisa.0: Cannot allocate resource for EISA slot 1
Dec  7 06:11:15 ip-172-31-77-107 kernel: [    2.770547] platform eisa.0: Cannot allocate resource for EISA slot 2
Dec  7 06:11:15 ip-172-31-77-107 kernel: [    2.775895] platform eisa.0: Cannot allocate resource for EISA slot 3
Dec  7 06:11:15 ip-172-31-77-107 kernel: [    2.781260] platform eisa.0: Cannot allocate resource for EISA slot 4
Dec  7 06:11:15 ip-172-31-77-107 kernel: [    2.786542] platform eisa.0: Cannot allocate resource for EISA slot 5
Dec  7 06:11:15 ip-172-31-77-107 kernel: [    2.791702] platform eisa.0: Cannot allocate resource for EISA slot 6
Dec  7 06:11:15 ip-172-31-77-107 kernel: [    2.796943] platform eisa.0: Cannot allocate resource for EISA slot 7
Dec  7 06:11:15 ip-172-31-77-107 kernel: [    2.802197] platform eisa.0: Cannot allocate resource for EISA slot 8
Dec  7 06:11:15 ip-172-31-77-107 kernel: [    2.807453] platform eisa.0: EISA: Detected 0 cards
Dec  7 06:11:15 ip-172-31-77-107 kernel: [    2.811998] drop_monitor: Initializing network drop monitor service
Dec  7 06:11:15 ip-172-31-77-107 kernel: [    2.817261] NET: Registered protocol family 10
Dec  7 06:11:15 ip-172-31-77-107 kernel: [    2.825335] Segment Routing with IPv6
Dec  7 06:11:15 ip-172-31-77-107 kernel: [    2.829295] NET: Registered protocol family 17
Dec  7 06:11:15 ip-172-31-77-107 kernel: [    2.833852] Key type dns_resolver registered
Dec  7 06:11:15 ip-172-31-77-107 kernel: [    2.838498] RAS: Correctable Errors collector initialized.
Dec  7 06:11:15 ip-172-31-77-107 kernel: [    2.843283] IPI shorthand broadcast: enabled
Dec  7 06:11:15 ip-172-31-77-107 kernel: [    2.847491] sched_clock: Marking stable (2026797253, 820660299)->(2990299039, -142841487)
Dec  7 06:11:15 ip-172-31-77-107 kernel: [    2.855639] registered taskstats version 1
Dec  7 06:11:15 ip-172-31-77-107 kernel: [    2.859776] Loading compiled-in X.509 certificates
Dec  7 06:11:15 ip-172-31-77-107 kernel: [    2.865136] Loaded X.509 cert 'Build time autogenerated kernel key: e9e27bc37b6cf54762831518919934aefe85f03b'
Dec  7 06:11:15 ip-172-31-77-107 kernel: [    2.876060] nvme nvme0: 2/0/0 default/read/poll queues
Dec  7 06:11:15 ip-172-31-77-107 kernel: [    2.877357] Loaded X.509 cert 'Canonical Ltd. Live Patch Signing: 14df34d1a87cf37625abec039ef2bf521249b969'
Dec  7 06:11:15 ip-172-31-77-107 kernel: [    2.882149]  nvme0n1: p1
Dec  7 06:11:15 ip-172-31-77-107 kernel: [    2.892009] Loaded X.509 cert 'Canonical Ltd. Kernel Module Signing: 88f752e560a1e0737e31163a466ad7b70a850c19'
Dec  7 06:11:15 ip-172-31-77-107 kernel: [    2.903613] zswap: loaded using pool lzo/zbud
Dec  7 06:11:15 ip-172-31-77-107 kernel: [    2.908144] Key type ._fscrypt registered
Dec  7 06:11:15 ip-172-31-77-107 kernel: [    2.912290] Key type .fscrypt registered
Dec  7 06:11:15 ip-172-31-77-107 kernel: [    2.919854] Key type big_key registered
Dec  7 06:11:15 ip-172-31-77-107 kernel: [    2.925837] Key type encrypted registered
Dec  7 06:11:15 ip-172-31-77-107 kernel: [    2.929915] AppArmor: AppArmor sha1 policy hashing enabled
Dec  7 06:11:15 ip-172-31-77-107 kernel: [    2.934733] ima: No TPM chip found, activating TPM-bypass!
Dec  7 06:11:15 ip-172-31-77-107 kernel: [    2.939552] ima: Allocated hash algorithm: sha1
Dec  7 06:11:15 ip-172-31-77-107 kernel: [    2.943900] ima: No architecture policies found
Dec  7 06:11:15 ip-172-31-77-107 kernel: [    2.948236] evm: Initialising EVM extended attributes:
Dec  7 06:11:15 ip-172-31-77-107 kernel: [    2.952830] evm: security.selinux
Dec  7 06:11:15 ip-172-31-77-107 kernel: [    2.956542] evm: security.SMACK64
Dec  7 06:11:15 ip-172-31-77-107 kernel: [    2.960280] evm: security.SMACK64EXEC
Dec  7 06:11:15 ip-172-31-77-107 kernel: [    2.964158] evm: security.SMACK64TRANSMUTE
Dec  7 06:11:15 ip-172-31-77-107 kernel: [    2.968260] evm: security.SMACK64MMAP
Dec  7 06:11:15 ip-172-31-77-107 kernel: [    2.972144] evm: security.apparmor
Dec  7 06:11:15 ip-172-31-77-107 kernel: [    2.975908] evm: security.ima
Dec  7 06:11:15 ip-172-31-77-107 kernel: [    2.979454] evm: security.capability
Dec  7 06:11:15 ip-172-31-77-107 kernel: [    2.983302] evm: HMAC attrs: 0x1
Dec  7 06:11:15 ip-172-31-77-107 kernel: [    2.987370] PM:   Magic number: 1:812:164
Dec  7 06:11:15 ip-172-31-77-107 kernel: [    2.991738] rtc_cmos 00:00: setting system clock to 2021-12-07T06:11:01 UTC (1638857461)
Dec  7 06:11:15 ip-172-31-77-107 kernel: [    3.001932] Freeing unused decrypted memory: 2040K
Dec  7 06:11:15 ip-172-31-77-107 kernel: [    3.006878] Freeing unused kernel image memory: 2656K
Dec  7 06:11:15 ip-172-31-77-107 kernel: [    3.021913] Write protecting the kernel read-only data: 22528k
Dec  7 06:11:15 ip-172-31-77-107 kernel: [    3.027491] Freeing unused kernel image memory: 2008K
Dec  7 06:11:15 ip-172-31-77-107 kernel: [    3.032378] Freeing unused kernel image memory: 1484K
Dec  7 06:11:15 ip-172-31-77-107 kernel: [    3.048971] x86/mm: Checked W+X mappings: passed, no W+X pages found.
Dec  7 06:11:15 ip-172-31-77-107 kernel: [    3.054338] Run /init as init process
Dec  7 06:11:15 ip-172-31-77-107 kernel: [    3.129696] ena: ENA device version: 0.10
Dec  7 06:11:15 ip-172-31-77-107 kernel: [    3.134416] ena: ENA controller version: 0.0.1 implementation version 1
Dec  7 06:11:15 ip-172-31-77-107 kernel: [    3.142565] ena 0000:00:05.0: LLQ is not supported Fallback to host mode policy.
Dec  7 06:11:15 ip-172-31-77-107 kernel: [    3.159096] cryptd: max_cpu_qlen set to 1000
Dec  7 06:11:15 ip-172-31-77-107 kernel: [    3.171990] ena 0000:00:05.0: Elastic Network Adapter (ENA) found at mem febf4000, mac addr 16:23:15:0c:b4:95
Dec  7 06:11:15 ip-172-31-77-107 kernel: [    3.191515] AVX2 version of gcm_enc/dec engaged.
Dec  7 06:11:15 ip-172-31-77-107 kernel: [    3.196393] AES CTR mode by8 optimization enabled
Dec  7 06:11:15 ip-172-31-77-107 kernel: [    3.215900] ena 0000:00:05.0 ens5: renamed from eth0
Dec  7 06:11:15 ip-172-31-77-107 kernel: [    3.262586] input: AT Translated Set 2 keyboard as /devices/platform/i8042/serio0/input/input2
Dec  7 06:11:15 ip-172-31-77-107 kernel: [    7.113773] raid6: avx2x4   gen() 17630 MB/s
Dec  7 06:11:15 ip-172-31-77-107 kernel: [    7.165762] raid6: avx2x4   xor()  9129 MB/s
Dec  7 06:11:15 ip-172-31-77-107 kernel: [    7.217756] raid6: avx2x2   gen() 15592 MB/s
Dec  7 06:11:15 ip-172-31-77-107 kernel: [    7.269726] raid6: avx2x2   xor() 10343 MB/s
Dec  7 06:11:15 ip-172-31-77-107 kernel: [    7.321745] raid6: avx2x1   gen() 12866 MB/s
Dec  7 06:11:15 ip-172-31-77-107 kernel: [    7.373747] raid6: avx2x1   xor()  9510 MB/s
Dec  7 06:11:15 ip-172-31-77-107 kernel: [    7.425753] raid6: sse2x4   gen() 11378 MB/s
Dec  7 06:11:15 ip-172-31-77-107 kernel: [    7.477742] raid6: sse2x4   xor()  6762 MB/s
Dec  7 06:11:15 ip-172-31-77-107 kernel: [    7.529771] raid6: sse2x2   gen() 10885 MB/s
Dec  7 06:11:15 ip-172-31-77-107 kernel: [    7.581756] raid6: sse2x2   xor()  7085 MB/s
Dec  7 06:11:15 ip-172-31-77-107 kernel: [    7.633764] raid6: sse2x1   gen()  5364 MB/s
Dec  7 06:11:15 ip-172-31-77-107 kernel: [    7.685760] raid6: sse2x1   xor()  5814 MB/s
Dec  7 06:11:15 ip-172-31-77-107 kernel: [    7.690117] raid6: using algorithm avx2x4 gen() 17630 MB/s
Dec  7 06:11:15 ip-172-31-77-107 kernel: [    7.694963] raid6: .... xor() 9129 MB/s, rmw enabled
Dec  7 06:11:15 ip-172-31-77-107 kernel: [    7.699577] raid6: using avx2x2 recovery algorithm
Dec  7 06:11:15 ip-172-31-77-107 kernel: [    7.705838] xor: automatically using best checksumming function   avx       
Dec  7 06:11:15 ip-172-31-77-107 kernel: [    7.712751] async_tx: api initialized (async)
Dec  7 06:11:15 ip-172-31-77-107 kernel: [    7.773143] Btrfs loaded, crc32c=crc32c-intel
Dec  7 06:11:15 ip-172-31-77-107 kernel: [    7.835872] EXT4-fs (nvme0n1p1): mounted filesystem with ordered data mode. Opts: (null)
Dec  7 06:11:15 ip-172-31-77-107 kernel: [    8.007924] systemd[1]: systemd 237 running in system mode. (+PAM +AUDIT +SELINUX +IMA +APPARMOR +SMACK +SYSVINIT +UTMP +LIBCRYPTSETUP +GCRYPT +GNUTLS +ACL +XZ +LZ4 +SECCOMP +BLKID +ELFUTILS +KMOD -IDN2 +IDN -PCRE2 default-hierarchy=hybrid)
Dec  7 06:11:15 ip-172-31-77-107 kernel: [    8.025872] systemd[1]: Detected virtualization kvm.
Dec  7 06:11:15 ip-172-31-77-107 kernel: [    8.030328] systemd[1]: Detected architecture x86-64.
Dec  7 06:11:15 ip-172-31-77-107 kernel: [    8.075536] systemd[1]: Set hostname to <ubuntu>.
Dec  7 06:11:15 ip-172-31-77-107 kernel: [    8.081487] systemd[1]: Initializing machine ID from KVM UUID.
Dec  7 06:11:15 ip-172-31-77-107 kernel: [    8.086543] systemd[1]: Installed transient /etc/machine-id file.
Dec  7 06:11:15 ip-172-31-77-107 kernel: [    8.322084] systemd[1]: Reached target User and Group Name Lookups.
Dec  7 06:11:15 ip-172-31-77-107 kernel: [    8.330253] systemd[1]: Created slice User and Session Slice.
Dec  7 06:11:15 ip-172-31-77-107 kernel: [    8.337610] systemd[1]: Set up automount Arbitrary Executable File Formats File System Automount Point.
Dec  7 06:11:15 ip-172-31-77-107 kernel: [    8.350152] systemd[1]: Created slice System Slice.
Dec  7 06:11:15 ip-172-31-77-107 kernel: [    8.413810] Loading iSCSI transport class v2.0-870.
Dec  7 06:11:15 ip-172-31-77-107 kernel: [    8.499361] iscsi: registered transport (tcp)
Dec  7 06:11:15 ip-172-31-77-107 kernel: [    8.499844] EXT4-fs (nvme0n1p1): re-mounted. Opts: discard
Dec  7 06:11:15 ip-172-31-77-107 kernel: [    8.557916] systemd-journald[391]: Received request to flush runtime journal from PID 1
Dec  7 06:11:15 ip-172-31-77-107 kernel: [    8.623833] iscsi: registered transport (iser)
Dec  7 06:11:15 ip-172-31-77-107 kernel: [    8.988545] parport_pc 00:03: reported by Plug and Play ACPI
Dec  7 06:11:15 ip-172-31-77-107 kernel: [    9.472122] ppdev: user-space parallel port driver
Dec  7 06:11:15 ip-172-31-77-107 kernel: [    9.474960] audit: type=1400 audit(1638857467.980:2): apparmor="STATUS" operation="profile_load" profile="unconfined" name="/sbin/dhclient" pid=476 comm="apparmor_parser"
Dec  7 06:11:15 ip-172-31-77-107 kernel: [    9.476129] audit: type=1400 audit(1638857467.980:3): apparmor="STATUS" operation="profile_load" profile="unconfined" name="/usr/lib/NetworkManager/nm-dhcp-client.action" pid=476 comm="apparmor_parser"
Dec  7 06:11:15 ip-172-31-77-107 kernel: [    9.476713] audit: type=1400 audit(1638857467.980:4): apparmor="STATUS" operation="profile_load" profile="unconfined" name="/usr/lib/NetworkManager/nm-dhcp-helper" pid=476 comm="apparmor_parser"
Dec  7 06:11:15 ip-172-31-77-107 kernel: [    9.477353] audit: type=1400 audit(1638857467.980:5): apparmor="STATUS" operation="profile_load" profile="unconfined" name="/usr/lib/connman/scripts/dhclient-script" pid=476 comm="apparmor_parser"
Dec  7 06:11:15 ip-172-31-77-107 kernel: [    9.526788] audit: type=1400 audit(1638857468.032:6): apparmor="STATUS" operation="profile_load" profile="unconfined" name="/usr/bin/lxc-start" pid=530 comm="apparmor_parser"
Dec  7 06:11:15 ip-172-31-77-107 kernel: [    9.680489] audit: type=1400 audit(1638857468.184:7): apparmor="STATUS" operation="profile_load" profile="unconfined" name="lxc-container-default" pid=477 comm="apparmor_parser"
Dec  7 06:11:15 ip-172-31-77-107 kernel: [    9.681048] audit: type=1400 audit(1638857468.184:8): apparmor="STATUS" operation="profile_load" profile="unconfined" name="lxc-container-default-cgns" pid=477 comm="apparmor_parser"
Dec  7 06:11:15 ip-172-31-77-107 kernel: [    9.681677] audit: type=1400 audit(1638857468.184:9): apparmor="STATUS" operation="profile_load" profile="unconfined" name="lxc-container-default-with-mounting" pid=477 comm="apparmor_parser"
Dec  7 06:11:15 ip-172-31-77-107 kernel: [    9.690454] audit: type=1400 audit(1638857468.196:10): apparmor="STATUS" operation="profile_load" profile="unconfined" name="lxc-container-default-with-nesting" pid=477 comm="apparmor_parser"
Dec  7 06:11:15 ip-172-31-77-107 kernel: [    9.801459] audit: type=1400 audit(1638857468.304:11): apparmor="STATUS" operation="profile_load" profile="unconfined" name="/usr/bin/man" pid=532 comm="apparmor_parser"
Dec  7 06:11:15 ip-172-31-77-107 kernel: [   12.989761] IPv6: ADDRCONF(NETDEV_CHANGE): ens5: link becomes ready
Dec  7 06:11:15 ip-172-31-77-107 kernel: [   16.439818] EXT4-fs (nvme0n1p1): resizing filesystem from 2096891 to 3931899 blocks
Dec  7 06:11:15 ip-172-31-77-107 kernel: [   16.503677] EXT4-fs (nvme0n1p1): resized filesystem to 3931899
Dec  7 06:11:15 ip-172-31-77-107 kernel: [   17.175370] new mount options do not match the existing superblock, will be ignored
Dec  7 06:11:15 ip-172-31-77-107 dhclient[590]: bound to 172.31.77.107 -- renewal in 1568 seconds.
Dec  7 06:11:15 ip-172-31-77-107 cloud-init[550]: Cloud-init v. 21.3-1-g6803368d-0ubuntu1~18.04.4 running 'init-local' at Tue, 07 Dec 2021 06:11:10 +0000. Up 10.79 seconds.
Dec  7 06:11:15 ip-172-31-77-107 systemd[1]: Started Initial cloud-init job (pre-networking).
Dec  7 06:11:15 ip-172-31-77-107 systemd[1]: Reached target Network (Pre).
Dec  7 06:11:15 ip-172-31-77-107 systemd[1]: Starting Network Service...
Dec  7 06:11:15 ip-172-31-77-107 systemd-networkd[615]: Enumeration completed
Dec  7 06:11:15 ip-172-31-77-107 systemd[1]: Started Network Service.
Dec  7 06:11:15 ip-172-31-77-107 systemd-timesyncd[463]: No network connectivity, watching for changes.
Dec  7 06:11:15 ip-172-31-77-107 systemd[1]: Starting Wait for Network to be Configured...
Dec  7 06:11:15 ip-172-31-77-107 systemd[1]: Starting Network Name Resolution...
Dec  7 06:11:15 ip-172-31-77-107 systemd-networkd[615]: ens5: Link UP
Dec  7 06:11:15 ip-172-31-77-107 systemd-networkd[615]: ens5: Gained carrier
Dec  7 06:11:15 ip-172-31-77-107 systemd-timesyncd[463]: No network connectivity, watching for changes.
Dec  7 06:11:15 ip-172-31-77-107 systemd-timesyncd[463]: No network connectivity, watching for changes.
Dec  7 06:11:15 ip-172-31-77-107 systemd-networkd[615]: ens5: Link DOWN
Dec  7 06:11:15 ip-172-31-77-107 systemd-networkd[615]: ens5: Lost carrier
Dec  7 06:11:15 ip-172-31-77-107 systemd-timesyncd[463]: No network connectivity, watching for changes.
Dec  7 06:11:15 ip-172-31-77-107 systemd-networkd[615]: ens5: Removing non-existent address: fe80::1423:15ff:fe0c:b495/64 (valid forever), ignoring
Dec  7 06:11:15 ip-172-31-77-107 systemd-networkd[615]: ens5: IPv6 successfully enabled
Dec  7 06:11:15 ip-172-31-77-107 systemd-networkd[615]: lo: Link is not managed by us
Dec  7 06:11:15 ip-172-31-77-107 systemd-timesyncd[463]: No network connectivity, watching for changes.
Dec  7 06:11:15 ip-172-31-77-107 systemd-timesyncd[463]: No network connectivity, watching for changes.
Dec  7 06:11:15 ip-172-31-77-107 systemd-networkd[615]: ens5: Link UP
Dec  7 06:11:15 ip-172-31-77-107 systemd-timesyncd[463]: No network connectivity, watching for changes.
Dec  7 06:11:15 ip-172-31-77-107 systemd-resolved[639]: Positive Trust Anchors:
Dec  7 06:11:15 ip-172-31-77-107 systemd-resolved[639]: . IN DS 19036 8 2 49aac11d7b6f6446702e54a1607371607a1a41855200fd2ce1cdde32f24e8fb5
Dec  7 06:11:15 ip-172-31-77-107 systemd-resolved[639]: . IN DS 20326 8 2 e06d44b80b8f1d39a95c0b0d7c65d08458e880409bbc683457104237c7f8ec8d
Dec  7 06:11:15 ip-172-31-77-107 systemd-resolved[639]: Negative trust anchors: 10.in-addr.arpa 16.172.in-addr.arpa 17.172.in-addr.arpa 18.172.in-addr.arpa 19.172.in-addr.arpa 20.172.in-addr.arpa 21.172.in-addr.arpa 22.172.in-addr.arpa 23.172.in-addr.arpa 24.172.in-addr.arpa 25.172.in-addr.arpa 26.172.in-addr.arpa 27.172.in-addr.arpa 28.172.in-addr.arpa 29.172.in-addr.arpa 30.172.in-addr.arpa 31.172.in-addr.arpa 168.192.in-addr.arpa d.f.ip6.arpa corp home internal intranet lan local private test
Dec  7 06:11:15 ip-172-31-77-107 systemd-resolved[639]: Using system hostname 'ip-172-31-77-107'.
Dec  7 06:11:15 ip-172-31-77-107 systemd[1]: Started Network Name Resolution.
Dec  7 06:11:15 ip-172-31-77-107 systemd[1]: Reached target Host and Network Name Lookups.
Dec  7 06:11:15 ip-172-31-77-107 systemd[1]: Reached target Network.
Dec  7 06:11:15 ip-172-31-77-107 systemd-networkd[615]: ens5: Gained carrier
Dec  7 06:11:15 ip-172-31-77-107 systemd-timesyncd[463]: No network connectivity, watching for changes.
Dec  7 06:11:15 ip-172-31-77-107 systemd-networkd[615]: ens5: DHCPv4 address 172.31.77.107/20 via 172.31.64.1
Dec  7 06:11:15 ip-172-31-77-107 systemd-networkd[615]: Not connected to system bus, not setting hostname.
Dec  7 06:11:15 ip-172-31-77-107 systemd-networkd[615]: ens5: Gained IPv6LL
Dec  7 06:11:15 ip-172-31-77-107 systemd-networkd[615]: ens5: Configured
Dec  7 06:11:15 ip-172-31-77-107 systemd-networkd-wait-online[638]: managing: ens5
Dec  7 06:11:15 ip-172-31-77-107 systemd-networkd-wait-online[638]: ignoring: lo
Dec  7 06:11:15 ip-172-31-77-107 systemd[1]: Started Wait for Network to be Configured.
Dec  7 06:11:15 ip-172-31-77-107 systemd[1]: Starting Initial cloud-init job (metadata service crawler)...
Dec  7 06:11:15 ip-172-31-77-107 cloud-init[652]: Cloud-init v. 21.3-1-g6803368d-0ubuntu1~18.04.4 running 'init' at Tue, 07 Dec 2021 06:11:14 +0000. Up 15.15 seconds.
Dec  7 06:11:15 ip-172-31-77-107 cloud-init[652]: ci-info: +++++++++++++++++++++++++++++++++++++++Net device info+++++++++++++++++++++++++++++++++++++++
Dec  7 06:11:15 ip-172-31-77-107 cloud-init[652]: ci-info: +--------+------+------------------------------+---------------+--------+-------------------+
Dec  7 06:11:15 ip-172-31-77-107 cloud-init[652]: ci-info: | Device |  Up  |           Address            |      Mask     | Scope  |     Hw-Address    |
Dec  7 06:11:15 ip-172-31-77-107 cloud-init[652]: ci-info: +--------+------+------------------------------+---------------+--------+-------------------+
Dec  7 06:11:15 ip-172-31-77-107 cloud-init[652]: ci-info: |  ens5  | True |        172.31.77.107         | 255.255.240.0 | global | 16:23:15:0c:b4:95 |
Dec  7 06:11:15 ip-172-31-77-107 cloud-init[652]: ci-info: |  ens5  | True | fe80::1423:15ff:fe0c:b495/64 |       .       |  link  | 16:23:15:0c:b4:95 |
Dec  7 06:11:15 ip-172-31-77-107 cloud-init[652]: ci-info: |   lo   | True |          127.0.0.1           |   255.0.0.0   |  host  |         .         |
Dec  7 06:11:15 ip-172-31-77-107 cloud-init[652]: ci-info: |   lo   | True |           ::1/128            |       .       |  host  |         .         |
Dec  7 06:11:15 ip-172-31-77-107 cloud-init[652]: ci-info: +--------+------+------------------------------+---------------+--------+-------------------+
Dec  7 06:11:15 ip-172-31-77-107 cloud-init[652]: ci-info: ++++++++++++++++++++++++++++++Route IPv4 info++++++++++++++++++++++++++++++
Dec  7 06:11:15 ip-172-31-77-107 cloud-init[652]: ci-info: +-------+-------------+-------------+-----------------+-----------+-------+
Dec  7 06:11:15 ip-172-31-77-107 cloud-init[652]: ci-info: | Route | Destination |   Gateway   |     Genmask     | Interface | Flags |
Dec  7 06:11:15 ip-172-31-77-107 cloud-init[652]: ci-info: +-------+-------------+-------------+-----------------+-----------+-------+
Dec  7 06:11:15 ip-172-31-77-107 cloud-init[652]: ci-info: |   0   |   0.0.0.0   | 172.31.64.1 |     0.0.0.0     |    ens5   |   UG  |
Dec  7 06:11:15 ip-172-31-77-107 cloud-init[652]: ci-info: |   1   | 172.31.64.0 |   0.0.0.0   |  255.255.240.0  |    ens5   |   U   |
Dec  7 06:11:15 ip-172-31-77-107 cloud-init[652]: ci-info: |   2   | 172.31.64.1 |   0.0.0.0   | 255.255.255.255 |    ens5   |   UH  |
Dec  7 06:11:15 ip-172-31-77-107 cloud-init[652]: ci-info: +-------+-------------+-------------+-----------------+-----------+-------+
Dec  7 06:11:15 ip-172-31-77-107 cloud-init[652]: ci-info: +++++++++++++++++++Route IPv6 info+++++++++++++++++++
Dec  7 06:11:15 ip-172-31-77-107 cloud-init[652]: ci-info: +-------+-------------+---------+-----------+-------+
Dec  7 06:11:15 ip-172-31-77-107 cloud-init[652]: ci-info: | Route | Destination | Gateway | Interface | Flags |
Dec  7 06:11:15 ip-172-31-77-107 cloud-init[652]: ci-info: +-------+-------------+---------+-----------+-------+
Dec  7 06:11:15 ip-172-31-77-107 cloud-init[652]: ci-info: |   1   |  fe80::/64  |    ::   |    ens5   |   U   |
Dec  7 06:11:15 ip-172-31-77-107 cloud-init[652]: ci-info: |   3   |    local    |    ::   |    ens5   |   U   |
Dec  7 06:11:15 ip-172-31-77-107 cloud-init[652]: ci-info: |   4   |  multicast  |    ::   |    ens5   |   U   |
Dec  7 06:11:15 ip-172-31-77-107 cloud-init[652]: ci-info: +-------+-------------+---------+-----------+-------+
Dec  7 06:11:15 ip-172-31-77-107 cloud-init[652]: Generating public/private rsa key pair.
Dec  7 06:11:15 ip-172-31-77-107 cloud-init[652]: Your identification has been saved in /etc/ssh/ssh_host_rsa_key.
Dec  7 06:11:15 ip-172-31-77-107 cloud-init[652]: Your public key has been saved in /etc/ssh/ssh_host_rsa_key.pub.
Dec  7 06:11:15 ip-172-31-77-107 cloud-init[652]: The key fingerprint is:
Dec  7 06:11:15 ip-172-31-77-107 cloud-init[652]: SHA256:3Jc/+YQBKB8GXrFc5tSESUw6tds0R2f91Bjs0FQKnuE root@ip-172-31-77-107
Dec  7 06:11:15 ip-172-31-77-107 cloud-init[652]: The key's randomart image is:
Dec  7 06:11:15 ip-172-31-77-107 cloud-init[652]: +---[RSA 2048]----+
Dec  7 06:11:15 ip-172-31-77-107 cloud-init[652]: |        . o=XO++B|
Dec  7 06:11:15 ip-172-31-77-107 cloud-init[652]: |       . + %===+=|
Dec  7 06:11:15 ip-172-31-77-107 cloud-init[652]: |        o O Eo+.o|
Dec  7 06:11:15 ip-172-31-77-107 cloud-init[652]: |       . = o *.o.|
Dec  7 06:11:15 ip-172-31-77-107 cloud-init[652]: |        S o + o  |
Dec  7 06:11:15 ip-172-31-77-107 cloud-init[652]: |           . . + |
Dec  7 06:11:15 ip-172-31-77-107 cloud-init[652]: |              = .|
Dec  7 06:11:15 ip-172-31-77-107 cloud-init[652]: |               + |
Dec  7 06:11:15 ip-172-31-77-107 cloud-init[652]: |                .|
Dec  7 06:11:15 ip-172-31-77-107 cloud-init[652]: +----[SHA256]-----+
Dec  7 06:11:15 ip-172-31-77-107 cloud-init[652]: Generating public/private dsa key pair.
Dec  7 06:11:15 ip-172-31-77-107 cloud-init[652]: Your identification has been saved in /etc/ssh/ssh_host_dsa_key.
Dec  7 06:11:15 ip-172-31-77-107 cloud-init[652]: Your public key has been saved in /etc/ssh/ssh_host_dsa_key.pub.
Dec  7 06:11:15 ip-172-31-77-107 cloud-init[652]: The key fingerprint is:
Dec  7 06:11:15 ip-172-31-77-107 cloud-init[652]: SHA256:djB2jv3okAaqOv8OVB5fX0KUQ49nsGco7bjGNEsFkfU root@ip-172-31-77-107
Dec  7 06:11:15 ip-172-31-77-107 cloud-init[652]: The key's randomart image is:
Dec  7 06:11:15 ip-172-31-77-107 cloud-init[652]: +---[DSA 1024]----+
Dec  7 06:11:15 ip-172-31-77-107 cloud-init[652]: |        o**.     |
Dec  7 06:11:15 ip-172-31-77-107 cloud-init[652]: |        .+oB     |
Dec  7 06:11:15 ip-172-31-77-107 cloud-init[652]: |    o   * O.E    |
Dec  7 06:11:15 ip-172-31-77-107 cloud-init[652]: |   o o o & B     |
Dec  7 06:11:15 ip-172-31-77-107 cloud-init[652]: |  . . o S *      |
Dec  7 06:11:15 ip-172-31-77-107 cloud-init[652]: | .   . * * o     |
Dec  7 06:11:15 ip-172-31-77-107 cloud-init[652]: |  . .   O . .    |
Dec  7 06:11:15 ip-172-31-77-107 cloud-init[652]: |.  o   o o       |
Dec  7 06:11:15 ip-172-31-77-107 cloud-init[652]: |.+ooo     .      |
Dec  7 06:11:15 ip-172-31-77-107 cloud-init[652]: +----[SHA256]-----+
Dec  7 06:11:15 ip-172-31-77-107 cloud-init[652]: Generating public/private ecdsa key pair.
Dec  7 06:11:15 ip-172-31-77-107 cloud-init[652]: Your identification has been saved in /etc/ssh/ssh_host_ecdsa_key.
Dec  7 06:11:15 ip-172-31-77-107 cloud-init[652]: Your public key has been saved in /etc/ssh/ssh_host_ecdsa_key.pub.
Dec  7 06:11:15 ip-172-31-77-107 cloud-init[652]: The key fingerprint is:
Dec  7 06:11:15 ip-172-31-77-107 cloud-init[652]: SHA256:o4N42bNkOqLiEBkNCtagmN/yiEddi+9E4YLQHQc9qoI root@ip-172-31-77-107
Dec  7 06:11:15 ip-172-31-77-107 cloud-init[652]: The key's randomart image is:
Dec  7 06:11:15 ip-172-31-77-107 cloud-init[652]: +---[ECDSA 256]---+
Dec  7 06:11:15 ip-172-31-77-107 cloud-init[652]: |ooo oo.          |
Dec  7 06:11:15 ip-172-31-77-107 cloud-init[652]: |*= o oo          |
Dec  7 06:11:15 ip-172-31-77-107 cloud-init[652]: |B o ..o.         |
Dec  7 06:11:15 ip-172-31-77-107 cloud-init[652]: | = +.+ o         |
Dec  7 06:11:15 ip-172-31-77-107 cloud-init[652]: |+ =.= + S        |
Dec  7 06:11:15 ip-172-31-77-107 cloud-init[652]: |E+.= B . .       |
Dec  7 06:11:15 ip-172-31-77-107 cloud-init[652]: |o.+ = X          |
Dec  7 06:11:15 ip-172-31-77-107 cloud-init[652]: |o....* +         |
Dec  7 06:11:15 ip-172-31-77-107 cloud-init[652]: |+o ...o          |
Dec  7 06:11:15 ip-172-31-77-107 cloud-init[652]: +----[SHA256]-----+
Dec  7 06:11:15 ip-172-31-77-107 cloud-init[652]: Generating public/private ed25519 key pair.
Dec  7 06:11:15 ip-172-31-77-107 cloud-init[652]: Your identification has been saved in /etc/ssh/ssh_host_ed25519_key.
Dec  7 06:11:15 ip-172-31-77-107 cloud-init[652]: Your public key has been saved in /etc/ssh/ssh_host_ed25519_key.pub.
Dec  7 06:11:15 ip-172-31-77-107 cloud-init[652]: The key fingerprint is:
Dec  7 06:11:15 ip-172-31-77-107 cloud-init[652]: SHA256:X2qdMM5hKBbdBKXLjRaMjJh8KF+2xUSigQp7XIP6kbI root@ip-172-31-77-107
Dec  7 06:11:15 ip-172-31-77-107 cloud-init[652]: The key's randomart image is:
Dec  7 06:11:15 ip-172-31-77-107 cloud-init[652]: +--[ED25519 256]--+
Dec  7 06:11:15 ip-172-31-77-107 cloud-init[652]: | .....o .oo      |
Dec  7 06:11:15 ip-172-31-77-107 cloud-init[652]: |o..*o* + +       |
Dec  7 06:11:15 ip-172-31-77-107 cloud-init[652]: |++*o=.* = .      |
Dec  7 06:11:15 ip-172-31-77-107 cloud-init[652]: |=o=+ o o *       |
Dec  7 06:11:15 ip-172-31-77-107 cloud-init[652]: | =... o S * .    |
Dec  7 06:11:15 ip-172-31-77-107 cloud-init[652]: |E .  . o = B .   |
Dec  7 06:11:15 ip-172-31-77-107 cloud-init[652]: |          * o    |
Dec  7 06:11:15 ip-172-31-77-107 cloud-init[652]: |         .       |
Dec  7 06:11:15 ip-172-31-77-107 cloud-init[652]: |                 |
Dec  7 06:11:15 ip-172-31-77-107 cloud-init[652]: +----[SHA256]-----+
Dec  7 06:11:15 ip-172-31-77-107 systemd[1]: Started Initial cloud-init job (metadata service crawler).
Dec  7 06:11:15 ip-172-31-77-107 systemd[1]: Reached target Cloud-config availability.
Dec  7 06:11:15 ip-172-31-77-107 systemd[1]: Reached target System Initialization.
Dec  7 06:11:15 ip-172-31-77-107 systemd[1]: Listening on ACPID Listen Socket.
Dec  7 06:11:15 ip-172-31-77-107 systemd[1]: Listening on Open-iSCSI iscsid Socket.
Dec  7 06:11:15 ip-172-31-77-107 systemd[1]: Started Message of the Day.
Dec  7 06:11:15 ip-172-31-77-107 systemd[1]: Starting LXD - unix socket.
Dec  7 06:11:15 ip-172-31-77-107 systemd[1]: Listening on UUID daemon activation socket.
Dec  7 06:11:15 ip-172-31-77-107 systemd[1]: Listening on D-Bus System Message Bus Socket.
Dec  7 06:11:15 ip-172-31-77-107 systemd[1]: Listening on cloud-init hotplug hook socket.
Dec  7 06:11:15 ip-172-31-77-107 systemd[1]: Starting Socket activation for snappy daemon.
Dec  7 06:11:15 ip-172-31-77-107 systemd[1]: Started Discard unused blocks once a week.
Dec  7 06:11:15 ip-172-31-77-107 systemd[1]: Started Daily apt download activities.
Dec  7 06:11:15 ip-172-31-77-107 systemd[1]: Started Daily Cleanup of Temporary Directories.
Dec  7 06:11:15 ip-172-31-77-107 systemd[1]: Started Daily apt upgrade and clean activities.
Dec  7 06:11:15 ip-172-31-77-107 systemd[1]: Started ACPI Events Check.
Dec  7 06:11:15 ip-172-31-77-107 systemd[1]: Reached target Paths.
Dec  7 06:11:15 ip-172-31-77-107 systemd[1]: Started Ubuntu Advantage update messaging.
Dec  7 06:11:15 ip-172-31-77-107 systemd[1]: Reached target Timers.
Dec  7 06:11:15 ip-172-31-77-107 systemd[1]: Reached target Network is Online.
Dec  7 06:11:15 ip-172-31-77-107 systemd[1]: Starting Availability of block devices...
Dec  7 06:11:15 ip-172-31-77-107 systemd[1]: Reached target Remote File Systems (Pre).
Dec  7 06:11:15 ip-172-31-77-107 systemd[1]: Reached target Remote File Systems.
Dec  7 06:11:15 ip-172-31-77-107 systemd[1]: Listening on LXD - unix socket.
Dec  7 06:11:15 ip-172-31-77-107 systemd[1]: Listening on Socket activation for snappy daemon.
Dec  7 06:11:15 ip-172-31-77-107 systemd[1]: Started Availability of block devices.
Dec  7 06:11:15 ip-172-31-77-107 systemd[1]: Reached target Sockets.
Dec  7 06:11:15 ip-172-31-77-107 systemd[1]: Reached target Basic System.
Dec  7 06:11:15 ip-172-31-77-107 systemd[1]: Starting Accounts Service...
Dec  7 06:11:15 ip-172-31-77-107 systemd[1]: Started FUSE filesystem for LXC.
Dec  7 06:11:15 ip-172-31-77-107 systemd[1]: Starting Dispatcher daemon for systemd-networkd...
Dec  7 06:11:15 ip-172-31-77-107 systemd[1]: Started Regular background program processing daemon.
Dec  7 06:11:15 ip-172-31-77-107 systemd[1]: Started Deferred execution scheduler.
Dec  7 06:11:15 ip-172-31-77-107 systemd[1]: Starting System Logging Service...
Dec  7 06:11:15 ip-172-31-77-107 systemd[1]: Starting Pollinate to seed the pseudo random number generator...
Dec  7 06:11:15 ip-172-31-77-107 systemd[1]: Starting LSB: Record successful boot for GRUB...
Dec  7 06:11:15 ip-172-31-77-107 systemd[1]: Started D-Bus System Message Bus.
Dec  7 06:11:15 ip-172-31-77-107 cron[793]: (CRON) INFO (pidfile fd = 3)
Dec  7 06:11:15 ip-172-31-77-107 cron[793]: (CRON) INFO (Running @reboot jobs)
Dec  7 06:11:15 ip-172-31-77-107 lxcfs[783]: mount namespace: 5
Dec  7 06:11:15 ip-172-31-77-107 lxcfs[783]: hierarchies:
Dec  7 06:11:15 ip-172-31-77-107 lxcfs[783]:   0: fd:   6: devices
Dec  7 06:11:15 ip-172-31-77-107 lxcfs[783]:   1: fd:   7: rdma
Dec  7 06:11:15 ip-172-31-77-107 lxcfs[783]:   2: fd:   8: hugetlb
Dec  7 06:11:15 ip-172-31-77-107 lxcfs[783]:   3: fd:   9: blkio
Dec  7 06:11:15 ip-172-31-77-107 lxcfs[783]:   4: fd:  10: net_cls,net_prio
Dec  7 06:11:15 ip-172-31-77-107 lxcfs[783]:   5: fd:  11: pids
Dec  7 06:11:15 ip-172-31-77-107 lxcfs[783]:   6: fd:  12: perf_event
Dec  7 06:11:15 ip-172-31-77-107 lxcfs[783]:   7: fd:  13: cpuset
Dec  7 06:11:15 ip-172-31-77-107 lxcfs[783]:   8: fd:  14: memory
Dec  7 06:11:15 ip-172-31-77-107 lxcfs[783]:   9: fd:  15: freezer
Dec  7 06:11:15 ip-172-31-77-107 lxcfs[783]:  10: fd:  16: cpu,cpuacct
Dec  7 06:11:15 ip-172-31-77-107 lxcfs[783]:  11: fd:  17: name=systemd
Dec  7 06:11:15 ip-172-31-77-107 lxcfs[783]:  12: fd:  18: unified
Dec  7 06:11:15 ip-172-31-77-107 rsyslogd: imuxsock: Acquired UNIX socket '/run/systemd/journal/syslog' (fd 3) from systemd.  [v8.32.0]
Dec  7 06:11:15 ip-172-31-77-107 rsyslogd: rsyslogd's groupid changed to 106
Dec  7 06:11:15 ip-172-31-77-107 rsyslogd: rsyslogd's userid changed to 102
Dec  7 06:11:15 ip-172-31-77-107 rsyslogd:  [origin software="rsyslogd" swVersion="8.32.0" x-pid="795" x-info="http://www.rsyslog.com"] start
Dec  7 06:11:15 ip-172-31-77-107 pollinate[796]: client sent challenge to [https://entropy.ubuntu.com/]
Dec  7 06:11:15 ip-172-31-77-107 dbus-daemon[798]: [system] AppArmor D-Bus mediation is enabled
Dec  7 06:11:15 ip-172-31-77-107 dbus-daemon[798]: [system] Activating via systemd: service name='org.freedesktop.hostname1' unit='dbus-org.freedesktop.hostname1.service' requested by ':1.2' (uid=100 pid=615 comm="/lib/systemd/systemd-networkd " label="unconfined")
Dec  7 06:11:15 ip-172-31-77-107 systemd[1]: Starting Snap Daemon...
Dec  7 06:11:15 ip-172-31-77-107 systemd[1]: Starting Login Service...
Dec  7 06:11:15 ip-172-31-77-107 systemd[1]: Starting Permit User Sessions...
Dec  7 06:11:15 ip-172-31-77-107 systemd[1]: Starting LSB: automatic crash report generation...
Dec  7 06:11:15 ip-172-31-77-107 dbus-daemon[798]: [system] Activating via systemd: service name='org.freedesktop.PolicyKit1' unit='polkit.service' requested by ':1.3' (uid=0 pid=782 comm="/usr/lib/accountsservice/accounts-daemon " label="unconfined")
Dec  7 06:11:15 ip-172-31-77-107 systemd[1]: Started irqbalance daemon.
Dec  7 06:11:15 ip-172-31-77-107 systemd[1]: Started ACPI event daemon.
Dec  7 06:11:15 ip-172-31-77-107 systemd[1]: Starting LXD - container startup/shutdown...
Dec  7 06:11:15 ip-172-31-77-107 systemd[1]: Started System Logging Service.
Dec  7 06:11:15 ip-172-31-77-107 systemd[1]: Started Permit User Sessions.
Dec  7 06:11:15 ip-172-31-77-107 acpid: starting up with netlink and the input layer
Dec  7 06:11:15 ip-172-31-77-107 acpid: 2 rules loaded
Dec  7 06:11:15 ip-172-31-77-107 acpid: waiting for events: event logging is off
Dec  7 06:11:15 ip-172-31-77-107 systemd[1]: Starting Authorization Manager...
Dec  7 06:11:15 ip-172-31-77-107 systemd[1]: Starting Hostname Service...
Dec  7 06:11:15 ip-172-31-77-107 systemd[1]: Starting Hold until boot process finishes up...
Dec  7 06:11:15 ip-172-31-77-107 systemd[1]: Starting Terminate Plymouth Boot Screen...
Dec  7 06:11:15 ip-172-31-77-107 grub-common[797]:  * Recording successful boot for GRUB
Dec  7 06:11:15 ip-172-31-77-107 systemd[1]: Started Hold until boot process finishes up.
Dec  7 06:11:15 ip-172-31-77-107 systemd[1]: Started Login Service.
Dec  7 06:11:15 ip-172-31-77-107 systemd[1]: Started Terminate Plymouth Boot Screen.
Dec  7 06:11:15 ip-172-31-77-107 polkitd[836]: started daemon version 0.105 using authority implementation `local' version `0.105'
Dec  7 06:11:15 ip-172-31-77-107 systemd[1]: Started Unattended Upgrades Shutdown.
Dec  7 06:11:15 ip-172-31-77-107 grub-common[797]:    ...done.
Dec  7 06:11:15 ip-172-31-77-107 dbus-daemon[798]: [system] Successfully activated service 'org.freedesktop.PolicyKit1'
Dec  7 06:11:15 ip-172-31-77-107 accounts-daemon[782]: started daemon version 0.6.45
Dec  7 06:11:15 ip-172-31-77-107 systemd[1]: Starting Set console scheme...
Dec  7 06:11:15 ip-172-31-77-107 systemd[1]: Started Serial Getty on ttyS0.
Dec  7 06:11:15 ip-172-31-77-107 systemd[1]: Started LSB: Record successful boot for GRUB.
Dec  7 06:11:15 ip-172-31-77-107 systemd[1]: Started Set console scheme.
Dec  7 06:11:15 ip-172-31-77-107 systemd[1]: Started Authorization Manager.
Dec  7 06:11:15 ip-172-31-77-107 systemd[1]: Started Accounts Service.
Dec  7 06:11:15 ip-172-31-77-107 systemd[1]: Created slice system-getty.slice.
Dec  7 06:11:15 ip-172-31-77-107 systemd[1]: Started Getty on tty1.
Dec  7 06:11:15 ip-172-31-77-107 systemd[1]: Reached target Login Prompts.
Dec  7 06:11:15 ip-172-31-77-107 dbus-daemon[798]: [system] Successfully activated service 'org.freedesktop.hostname1'
Dec  7 06:11:15 ip-172-31-77-107 systemd[1]: Started Hostname Service.
Dec  7 06:11:15 ip-172-31-77-107 apport[829]:  * Starting automatic crash report generation: apport
Dec  7 06:11:15 ip-172-31-77-107 apport[829]:    ...done.
Dec  7 06:11:15 ip-172-31-77-107 systemd[1]: Started LSB: automatic crash report generation.
Dec  7 06:11:15 ip-172-31-77-107 networkd-dispatcher[791]: No valid path found for iwconfig
Dec  7 06:11:15 ip-172-31-77-107 networkd-dispatcher[791]: No valid path found for iw
Dec  7 06:11:16 ip-172-31-77-107 systemd[1]: Started Dispatcher daemon for systemd-networkd.
Dec  7 06:11:16 ip-172-31-77-107 snapd[826]: AppArmor status: apparmor is enabled and all features are available
Dec  7 06:11:16 ip-172-31-77-107 systemd[1]: Started LXD - container startup/shutdown.
Dec  7 06:11:16 ip-172-31-77-107 snapd[826]: daemon.go:248: started snapd/2.51.1+18.04 (series 16; classic) ubuntu/18.04 (amd64) linux/5.4.0-1058-aws.
Dec  7 06:11:16 ip-172-31-77-107 snapd[826]: daemon.go:341: adjusting startup timeout by 30s (pessimistic estimate of 30s plus 5s per snap)
Dec  7 06:11:16 ip-172-31-77-107 snapd[826]: helpers.go:105: error trying to compare the snap system key: system-key missing on disk
Dec  7 06:11:16 ip-172-31-77-107 pollinate[796]: client verified challenge/response with [https://entropy.ubuntu.com/]
Dec  7 06:11:16 ip-172-31-77-107 pollinate[796]: client hashed response from [https://entropy.ubuntu.com/]
Dec  7 06:11:16 ip-172-31-77-107 pollinate[796]: client successfully seeded [/dev/urandom]
Dec  7 06:11:16 ip-172-31-77-107 systemd[1]: Started Pollinate to seed the pseudo random number generator.
Dec  7 06:11:16 ip-172-31-77-107 systemd[1]: Starting OpenBSD Secure Shell server...
Dec  7 06:11:16 ip-172-31-77-107 systemd[1]: Started OpenBSD Secure Shell server.
Dec  7 06:11:16 ip-172-31-77-107 systemd[1]: Started Snap Daemon.
Dec  7 06:11:16 ip-172-31-77-107 systemd[1]: Starting Wait until snapd is fully seeded...
Dec  7 06:11:19 ip-172-31-77-107 systemd[1]: Reloading.
Dec  7 06:11:19 ip-172-31-77-107 systemd[1]: Reloading.
Dec  7 06:11:19 ip-172-31-77-107 systemd[1]: Mounting Mount unit for snapd, revision 13640...
Dec  7 06:11:19 ip-172-31-77-107 systemd[1]: Mounted Mount unit for snapd, revision 13640.
Dec  7 06:11:20 ip-172-31-77-107 kernel: [   21.758211] kauditd_printk_skb: 5 callbacks suppressed
Dec  7 06:11:20 ip-172-31-77-107 kernel: [   21.758213] audit: type=1400 audit(1638857480.264:17): apparmor="STATUS" operation="profile_load" profile="unconfined" name="/snap/snapd/13640/usr/lib/snapd/snap-confine" pid=1191 comm="apparmor_parser"
Dec  7 06:11:20 ip-172-31-77-107 kernel: [   21.758557] audit: type=1400 audit(1638857480.264:18): apparmor="STATUS" operation="profile_load" profile="unconfined" name="/snap/snapd/13640/usr/lib/snapd/snap-confine//mount-namespace-capture-helper" pid=1191 comm="apparmor_parser"
Dec  7 06:11:20 ip-172-31-77-107 snapd[826]: daemon.go:508: gracefully waiting for running hooks
Dec  7 06:11:20 ip-172-31-77-107 snapd[826]: daemon.go:510: done waiting for running hooks
Dec  7 06:11:21 ip-172-31-77-107 systemd[1]: snapd.service: Service hold-off time over, scheduling restart.
Dec  7 06:11:21 ip-172-31-77-107 systemd[1]: snapd.service: Scheduled restart job, restart counter is at 1.
Dec  7 06:11:21 ip-172-31-77-107 systemd[1]: Stopped Snap Daemon.
Dec  7 06:11:21 ip-172-31-77-107 systemd[1]: Starting Snap Daemon...
Dec  7 06:11:21 ip-172-31-77-107 snapd[1239]: AppArmor status: apparmor is enabled and all features are available
Dec  7 06:11:22 ip-172-31-77-107 snapd[1239]: AppArmor status: apparmor is enabled and all features are available
Dec  7 06:11:22 ip-172-31-77-107 snapd[1239]: patch.go:63: Patching system state level 6 to sublevel 1...
Dec  7 06:11:22 ip-172-31-77-107 snapd[1239]: patch.go:63: Patching system state level 6 to sublevel 2...
Dec  7 06:11:22 ip-172-31-77-107 snapd[1239]: patch.go:63: Patching system state level 6 to sublevel 3...
Dec  7 06:11:22 ip-172-31-77-107 snapd[1239]: daemon.go:242: started snapd/2.52.1 (series 16; classic) ubuntu/18.04 (amd64) linux/5.4.0-1058-aws.
Dec  7 06:11:22 ip-172-31-77-107 snapd[1239]: daemon.go:335: adjusting startup timeout by 35s (pessimistic estimate of 30s plus 5s per snap)
Dec  7 06:11:22 ip-172-31-77-107 kernel: [   23.863567] audit: type=1400 audit(1638857482.368:19): apparmor="STATUS" operation="profile_replace" profile="unconfined" name="/snap/snapd/13640/usr/lib/snapd/snap-confine" pid=1305 comm="apparmor_parser"
Dec  7 06:11:22 ip-172-31-77-107 kernel: [   23.877758] audit: type=1400 audit(1638857482.384:20): apparmor="STATUS" operation="profile_replace" profile="unconfined" name="/snap/snapd/13640/usr/lib/snapd/snap-confine//mount-namespace-capture-helper" pid=1305 comm="apparmor_parser"
Dec  7 06:11:22 ip-172-31-77-107 systemd[1]: Started Snap Daemon.
Dec  7 06:11:23 ip-172-31-77-107 systemd[1]: Reloading.
Dec  7 06:11:23 ip-172-31-77-107 systemd[1]: Reloading.
Dec  7 06:11:23 ip-172-31-77-107 systemd[1]: Mounting Mount unit for core18, revision 2128...
Dec  7 06:11:23 ip-172-31-77-107 systemd[1]: Mounted Mount unit for core18, revision 2128.
Dec  7 06:11:23 ip-172-31-77-107 systemd[1]: Reloading.
Dec  7 06:11:23 ip-172-31-77-107 systemd[1]: Reloading.
Dec  7 06:11:24 ip-172-31-77-107 systemd[1]: Mounting Mount unit for amazon-ssm-agent, revision 4046...
Dec  7 06:11:24 ip-172-31-77-107 systemd[1]: Mounted Mount unit for amazon-ssm-agent, revision 4046.
Dec  7 06:11:24 ip-172-31-77-107 kernel: [   25.664778] audit: type=1400 audit(1638857484.168:21): apparmor="STATUS" operation="profile_load" profile="unconfined" name="snap.amazon-ssm-agent.amazon-ssm-agent" pid=1535 comm="apparmor_parser"
Dec  7 06:11:24 ip-172-31-77-107 kernel: [   25.668840] audit: type=1400 audit(1638857484.172:22): apparmor="STATUS" operation="profile_load" profile="unconfined" name="snap.amazon-ssm-agent.ssm-cli" pid=1536 comm="apparmor_parser"
Dec  7 06:11:24 ip-172-31-77-107 kernel: [   25.676545] audit: type=1400 audit(1638857484.180:23): apparmor="STATUS" operation="profile_load" profile="unconfined" name="snap-update-ns.amazon-ssm-agent" pid=1534 comm="apparmor_parser"
Dec  7 06:11:24 ip-172-31-77-107 systemd[1]: Reloading.
Dec  7 06:11:24 ip-172-31-77-107 systemd[1]: Reloading.
Dec  7 06:11:24 ip-172-31-77-107 systemd[1]: Started Service for snap application amazon-ssm-agent.amazon-ssm-agent.
Dec  7 06:11:25 ip-172-31-77-107 amazon-ssm-agent.amazon-ssm-agent[1592]: Error occurred fetching the seelog config file path:  open /etc/amazon/ssm/seelog.xml: no such file or directory
Dec  7 06:11:25 ip-172-31-77-107 amazon-ssm-agent.amazon-ssm-agent[1592]: Initializing new seelog logger
Dec  7 06:11:25 ip-172-31-77-107 amazon-ssm-agent.amazon-ssm-agent[1592]: New Seelog Logger Creation Complete
Dec  7 06:11:25 ip-172-31-77-107 amazon-ssm-agent.amazon-ssm-agent[1592]: 2021-12-07 06:11:25 WARN Error adding the directory '/etc/amazon/ssm' to watcher: no such file or directory
Dec  7 06:11:25 ip-172-31-77-107 amazon-ssm-agent.amazon-ssm-agent[1592]: 2021-12-07 06:11:25 INFO Agent will take identity from EC2
Dec  7 06:11:25 ip-172-31-77-107 systemd[1]: Started Wait until snapd is fully seeded.
Dec  7 06:11:25 ip-172-31-77-107 systemd[1]: Starting Apply the settings specified in cloud-config...
Dec  7 06:11:26 ip-172-31-77-107 amazon-ssm-agent.amazon-ssm-agent[1592]: 2021-12-07 06:11:25 INFO [amazon-ssm-agent] using named pipe channel for IPC
Dec  7 06:11:26 ip-172-31-77-107 amazon-ssm-agent.amazon-ssm-agent[1592]: message repeated 2 times: [ 2021-12-07 06:11:25 INFO [amazon-ssm-agent] using named pipe channel for IPC]
Dec  7 06:11:26 ip-172-31-77-107 amazon-ssm-agent.amazon-ssm-agent[1592]: 2021-12-07 06:11:25 INFO [amazon-ssm-agent] amazon-ssm-agent - v3.0.1124.0
Dec  7 06:11:26 ip-172-31-77-107 amazon-ssm-agent.amazon-ssm-agent[1592]: 2021-12-07 06:11:25 INFO [amazon-ssm-agent] OS: linux, Arch: amd64
Dec  7 06:11:26 ip-172-31-77-107 amazon-ssm-agent.amazon-ssm-agent[1592]: 2021-12-07 06:11:26 INFO [amazon-ssm-agent] [LongRunningWorkerContainer] [WorkerProvider] Worker ssm-agent-worker is not running, starting worker process
Dec  7 06:11:26 ip-172-31-77-107 amazon-ssm-agent.amazon-ssm-agent[1592]: 2021-12-07 06:11:26 INFO [amazon-ssm-agent] [LongRunningWorkerContainer] [WorkerProvider] Worker ssm-agent-worker (pid:1692) started
Dec  7 06:11:26 ip-172-31-77-107 amazon-ssm-agent.amazon-ssm-agent[1592]: 2021-12-07 06:11:26 INFO [amazon-ssm-agent] [LongRunningWorkerContainer] Monitor long running worker health every 60 seconds
Dec  7 06:11:27 ip-172-31-77-107 cloud-init[1639]: Cloud-init v. 21.3-1-g6803368d-0ubuntu1~18.04.4 running 'modules:config' at Tue, 07 Dec 2021 06:11:26 +0000. Up 27.08 seconds.
Dec  7 06:11:27 ip-172-31-77-107 systemd[1]: Started Apply the settings specified in cloud-config.
Dec  7 06:11:27 ip-172-31-77-107 systemd[1]: Starting EC2 instance hibernation setup agent...
Dec  7 06:11:27 ip-172-31-77-107 /hibinit-agent: Instance Launch has not enabled Hibernation Configured Flag. hibinit-agent exiting!!
Dec  7 06:11:27 ip-172-31-77-107 hibinit-agent[1705]: Instance Launch has not enabled Hibernation Configured Flag. hibinit-agent exiting!!
Dec  7 06:11:27 ip-172-31-77-107 systemd[1]: Started EC2 instance hibernation setup agent.
Dec  7 06:11:27 ip-172-31-77-107 systemd[1]: Reached target Multi-User System.
Dec  7 06:11:27 ip-172-31-77-107 systemd[1]: Reached target Graphical Interface.
Dec  7 06:11:27 ip-172-31-77-107 systemd[1]: Starting Update UTMP about System Runlevel Changes...
Dec  7 06:11:27 ip-172-31-77-107 systemd[1]: Starting Execute cloud user/final scripts...
Dec  7 06:11:27 ip-172-31-77-107 systemd[1]: Started Update UTMP about System Runlevel Changes.
Dec  7 06:11:28 ip-172-31-77-107 cloud-init: #############################################################
Dec  7 06:11:28 ip-172-31-77-107 cloud-init: -----BEGIN SSH HOST KEY FINGERPRINTS-----
Dec  7 06:11:28 ip-172-31-77-107 cloud-init: 1024 SHA256:djB2jv3okAaqOv8OVB5fX0KUQ49nsGco7bjGNEsFkfU root@ip-172-31-77-107 (DSA)
Dec  7 06:11:28 ip-172-31-77-107 cloud-init: 256 SHA256:o4N42bNkOqLiEBkNCtagmN/yiEddi+9E4YLQHQc9qoI root@ip-172-31-77-107 (ECDSA)
Dec  7 06:11:28 ip-172-31-77-107 cloud-init: 256 SHA256:X2qdMM5hKBbdBKXLjRaMjJh8KF+2xUSigQp7XIP6kbI root@ip-172-31-77-107 (ED25519)
Dec  7 06:11:28 ip-172-31-77-107 cloud-init: 2048 SHA256:3Jc/+YQBKB8GXrFc5tSESUw6tds0R2f91Bjs0FQKnuE root@ip-172-31-77-107 (RSA)
Dec  7 06:11:28 ip-172-31-77-107 cloud-init: -----END SSH HOST KEY FINGERPRINTS-----
Dec  7 06:11:28 ip-172-31-77-107 cloud-init: #############################################################
Dec  7 06:11:28 ip-172-31-77-107 cloud-init[1729]: Cloud-init v. 21.3-1-g6803368d-0ubuntu1~18.04.4 running 'modules:final' at Tue, 07 Dec 2021 06:11:28 +0000. Up 28.74 seconds.
Dec  7 06:11:28 ip-172-31-77-107 cloud-init[1729]: Cloud-init v. 21.3-1-g6803368d-0ubuntu1~18.04.4 finished at Tue, 07 Dec 2021 06:11:28 +0000. Datasource DataSourceEc2Local.  Up 28.92 seconds
Dec  7 06:11:28 ip-172-31-77-107 systemd[1]: Started Execute cloud user/final scripts.
Dec  7 06:11:28 ip-172-31-77-107 systemd[1]: Reached target Cloud-init target.
Dec  7 06:11:28 ip-172-31-77-107 systemd[1]: Startup finished in 7.144s (kernel) + 21.876s (userspace) = 29.020s.
Dec  7 06:11:39 ip-172-31-77-107 systemd-timesyncd[463]: Synchronized to time server 169.254.169.123:123 (169.254.169.123).
Dec  7 06:13:06 ip-172-31-77-107 systemd[1]: Created slice User Slice of ubuntu.
Dec  7 06:13:06 ip-172-31-77-107 systemd[1]: Starting User Manager for UID 1000...
Dec  7 06:13:06 ip-172-31-77-107 systemd[1]: Started Session 1 of user ubuntu.
Dec  7 06:13:06 ip-172-31-77-107 systemd[1824]: Listening on REST API socket for snapd user session agent.
Dec  7 06:13:06 ip-172-31-77-107 systemd[1824]: Reached target Timers.
Dec  7 06:13:06 ip-172-31-77-107 systemd[1824]: Listening on GnuPG cryptographic agent and passphrase cache (restricted).
Dec  7 06:13:06 ip-172-31-77-107 systemd[1824]: Listening on GnuPG cryptographic agent and passphrase cache.
Dec  7 06:13:06 ip-172-31-77-107 systemd[1824]: Listening on GnuPG cryptographic agent and passphrase cache (access for web browsers).
Dec  7 06:13:06 ip-172-31-77-107 systemd[1824]: Listening on GnuPG cryptographic agent (ssh-agent emulation).
Dec  7 06:13:06 ip-172-31-77-107 systemd[1824]: Listening on GnuPG network certificate management daemon.
Dec  7 06:13:06 ip-172-31-77-107 systemd[1824]: Reached target Paths.
Dec  7 06:13:06 ip-172-31-77-107 systemd[1824]: Reached target Sockets.
Dec  7 06:13:06 ip-172-31-77-107 systemd[1824]: Reached target Basic System.
Dec  7 06:13:06 ip-172-31-77-107 systemd[1824]: Reached target Default.
Dec  7 06:13:06 ip-172-31-77-107 systemd[1824]: Startup finished in 106ms.
Dec  7 06:13:06 ip-172-31-77-107 systemd[1]: Started User Manager for UID 1000.
Dec  7 06:17:01 ip-172-31-77-107 CRON[2241]: (root) CMD (   cd / && run-parts --report /etc/cron.hourly)
Dec  7 06:25:01 ip-172-31-77-107 CRON[2256]: (root) CMD (test -x /usr/sbin/anacron || ( cd / && run-parts --report /etc/cron.daily ))
Dec  7 06:26:22 ip-172-31-77-107 systemd[1]: Starting Cleanup of Temporary Directories...
Dec  7 06:26:22 ip-172-31-77-107 systemd[1]: Started Cleanup of Temporary Directories.
Dec  7 06:34:15 ip-172-31-77-107 systemd[1]: Starting Ubuntu Advantage APT and MOTD Messages...
Dec  7 06:34:16 ip-172-31-77-107 systemd[1]: Started Ubuntu Advantage APT and MOTD Messages.
Dec  7 06:35:07 ip-172-31-77-107 systemd[1]: Reloading.
Dec  7 06:37:28 ip-172-31-77-107 systemd[1]: Started Session 5 of user ubuntu.
Dec  7 06:41:12 ip-172-31-77-107 systemd-timesyncd[463]: Network configuration changed, trying to establish connection.
Dec  7 06:41:12 ip-172-31-77-107 systemd-networkd[615]: ens5: Configured
Dec  7 06:41:12 ip-172-31-77-107 systemd-timesyncd[463]: Synchronized to time server 169.254.169.123:123 (169.254.169.123).
Dec  7 07:11:11 ip-172-31-77-107 systemd-networkd[615]: ens5: Configured
Dec  7 07:11:11 ip-172-31-77-107 systemd-timesyncd[463]: Network configuration changed, trying to establish connection.
Dec  7 07:11:11 ip-172-31-77-107 systemd-timesyncd[463]: Synchronized to time server 169.254.169.123:123 (169.254.169.123).
Dec  7 07:17:01 ip-172-31-77-107 CRON[4277]: (root) CMD (   cd / && run-parts --report /etc/cron.hourly)
Dec  7 07:41:12 ip-172-31-77-107 systemd-timesyncd[463]: Network configuration changed, trying to establish connection.
Dec  7 07:41:12 ip-172-31-77-107 systemd-networkd[615]: ens5: Configured
Dec  7 07:41:12 ip-172-31-77-107 systemd-timesyncd[463]: Synchronized to time server 169.254.169.123:123 (169.254.169.123).
Dec  7 08:10:59 ip-172-31-77-107 systemd[1]: Stopping ACPI event daemon...
Dec  7 08:10:59 ip-172-31-77-107 systemd[1]: Stopping User Manager for UID 1000...
Dec  7 08:10:59 ip-172-31-77-107 systemd[1]: Stopping Availability of block devices...
Dec  7 08:10:59 ip-172-31-77-107 systemd[1824]: Stopped target Default.
Dec  7 08:10:59 ip-172-31-77-107 systemd[1824]: Stopped target Basic System.
Dec  7 08:10:59 ip-172-31-77-107 systemd[1824]: Stopped target Sockets.
Dec  7 08:10:59 ip-172-31-77-107 systemd[1824]: Closed REST API socket for snapd user session agent.
Dec  7 08:10:59 ip-172-31-77-107 systemd[1824]: Closed GnuPG cryptographic agent (ssh-agent emulation).
Dec  7 08:10:59 ip-172-31-77-107 systemd[1824]: Closed GnuPG cryptographic agent and passphrase cache.
Dec  7 08:10:59 ip-172-31-77-107 systemd[1824]: Stopped target Timers.
Dec  7 08:10:59 ip-172-31-77-107 systemd[1824]: Stopped target Paths.
Dec  7 08:10:59 ip-172-31-77-107 systemd[1824]: Closed GnuPG cryptographic agent and passphrase cache (restricted).
Dec  7 08:10:59 ip-172-31-77-107 systemd[1824]: Closed GnuPG network certificate management daemon.
Dec  7 08:10:59 ip-172-31-77-107 systemd[1824]: Closed GnuPG cryptographic agent and passphrase cache (access for web browsers).
Dec  7 08:10:59 ip-172-31-77-107 systemd[1824]: Reached target Shutdown.
Dec  7 08:10:59 ip-172-31-77-107 systemd[1824]: Starting Exit the Session...
Dec  7 08:10:59 ip-172-31-77-107 systemd[1]: Stopping Session 5 of user ubuntu.
Dec  7 08:10:59 ip-172-31-77-107 systemd[1824]: Received SIGRTMIN+24 from PID 4362 (kill).
Dec  7 08:10:59 ip-172-31-77-107 systemd[1]: Closed Load/Save RF Kill Switch Status /dev/rfkill Watch.
Dec  7 08:10:59 ip-172-31-77-107 systemd[1]: Stopping Authorization Manager...
Dec  7 08:10:59 ip-172-31-77-107 systemd[1]: Stopped target Graphical Interface.
Dec  7 08:10:59 ip-172-31-77-107 systemd[1]: Stopping Accounts Service...
Dec  7 08:10:59 ip-172-31-77-107 systemd[1]: Stopped target Timers.
Dec  7 08:10:59 ip-172-31-77-107 systemd[1]: Stopped Discard unused blocks once a week.
Dec  7 08:10:59 ip-172-31-77-107 systemd[1]: Stopped Daily apt upgrade and clean activities.
Dec  7 08:10:59 ip-172-31-77-107 systemd[1]: Stopped Daily apt download activities.
Dec  7 08:10:59 ip-172-31-77-107 systemd[1]: Stopped target Cloud-init target.
Dec  7 08:10:59 ip-172-31-77-107 systemd[1]: Stopped Execute cloud user/final scripts.
Dec  7 08:10:59 ip-172-31-77-107 systemd[1]: Stopped Apply the settings specified in cloud-config.
Dec  7 08:10:59 ip-172-31-77-107 systemd[1]: Stopped target Network is Online.
